Component: ARM Compiler 5.06 update 7 (build 960) Tool: armlink [4d3601]

==============================================================================

Section Cross References

    startup_stm32f407xx.o(RESET) refers to startup_stm32f407xx.o(STACK) for __initial_sp
    startup_stm32f407xx.o(RESET) refers to startup_stm32f407xx.o(.text) for Reset_Handler
    startup_stm32f407xx.o(RESET) refers to stm32f4xx_it.o(i.NMI_Handler) for NMI_Handler
    startup_stm32f407xx.o(RESET) refers to stm32f4xx_it.o(i.HardFault_Handler) for HardFault_Handler
    startup_stm32f407xx.o(RESET) refers to stm32f4xx_it.o(i.MemManage_Handler) for MemManage_Handler
    startup_stm32f407xx.o(RESET) refers to stm32f4xx_it.o(i.BusFault_Handler) for BusFault_Handler
    startup_stm32f407xx.o(RESET) refers to stm32f4xx_it.o(i.UsageFault_Handler) for UsageFault_Handler
    startup_stm32f407xx.o(RESET) refers to stm32f4xx_it.o(i.SVC_Handler) for SVC_Handler
    startup_stm32f407xx.o(RESET) refers to stm32f4xx_it.o(i.DebugMon_Handler) for DebugMon_Handler
    startup_stm32f407xx.o(RESET) refers to stm32f4xx_it.o(i.PendSV_Handler) for PendSV_Handler
    startup_stm32f407xx.o(RESET) refers to stm32f4xx_it.o(i.SysTick_Handler) for SysTick_Handler
    startup_stm32f407xx.o(RESET) refers to stm32f4xx_it.o(i.DMA1_Stream4_IRQHandler) for DMA1_Stream4_IRQHandler
    startup_stm32f407xx.o(RESET) refers to stm32f4xx_it.o(i.DMA1_Stream5_IRQHandler) for DMA1_Stream5_IRQHandler
    startup_stm32f407xx.o(RESET) refers to stm32f4xx_it.o(i.ADC_IRQHandler) for ADC_IRQHandler
    startup_stm32f407xx.o(RESET) refers to stm32f4xx_it.o(i.TIM3_IRQHandler) for TIM3_IRQHandler
    startup_stm32f407xx.o(RESET) refers to stm32f4xx_it.o(i.TIM4_IRQHandler) for TIM4_IRQHandler
    startup_stm32f407xx.o(RESET) refers to stm32f4xx_it.o(i.DMA2_Stream0_IRQHandler) for DMA2_Stream0_IRQHandler
    startup_stm32f407xx.o(RESET) refers to stm32f4xx_it.o(i.DMA2_Stream3_IRQHandler) for DMA2_Stream3_IRQHandler
    startup_stm32f407xx.o(.text) refers to system_stm32f4xx.o(i.SystemInit) for SystemInit
    startup_stm32f407xx.o(.text) refers to entry.o(.ARM.Collect$$$$00000000) for __main
    lcd.o(i.lcd_clear) refers to lcd.o(i.lcd_set_cursor) for lcd_set_cursor
    lcd.o(i.lcd_clear) refers to lcd.o(i.lcd_write_ram_prepare) for lcd_write_ram_prepare
    lcd.o(i.lcd_clear) refers to lcd.o(.bss) for .bss
    lcd.o(i.lcd_color_fill) refers to lcd.o(i.lcd_set_cursor) for lcd_set_cursor
    lcd.o(i.lcd_color_fill) refers to lcd.o(i.lcd_write_ram_prepare) for lcd_write_ram_prepare
    lcd.o(i.lcd_display_dir) refers to lcd.o(i.lcd_scan_dir) for lcd_scan_dir
    lcd.o(i.lcd_display_dir) refers to lcd.o(.bss) for .bss
    lcd.o(i.lcd_display_off) refers to lcd.o(i.lcd_wr_regno) for lcd_wr_regno
    lcd.o(i.lcd_display_off) refers to lcd.o(.bss) for .bss
    lcd.o(i.lcd_display_on) refers to lcd.o(i.lcd_wr_regno) for lcd_wr_regno
    lcd.o(i.lcd_display_on) refers to lcd.o(.bss) for .bss
    lcd.o(i.lcd_draw_circle) refers to lcd.o(i.lcd_draw_point) for lcd_draw_point
    lcd.o(i.lcd_draw_hline) refers to lcd.o(i.lcd_fill) for lcd_fill
    lcd.o(i.lcd_draw_hline) refers to lcd.o(.bss) for .bss
    lcd.o(i.lcd_draw_line) refers to lcd.o(i.lcd_draw_point) for lcd_draw_point
    lcd.o(i.lcd_draw_point) refers to lcd.o(i.lcd_set_cursor) for lcd_set_cursor
    lcd.o(i.lcd_draw_point) refers to lcd.o(i.lcd_write_ram_prepare) for lcd_write_ram_prepare
    lcd.o(i.lcd_draw_rectangle) refers to lcd.o(i.lcd_draw_line) for lcd_draw_line
    lcd.o(i.lcd_ex_ili9341_reginit) refers to lcd.o(i.lcd_wr_regno) for lcd_wr_regno
    lcd.o(i.lcd_ex_ili9341_reginit) refers to lcd.o(i.lcd_wr_data) for lcd_wr_data
    lcd.o(i.lcd_ex_ili9341_reginit) refers to stm32f4xx_hal.o(i.HAL_Delay) for HAL_Delay
    lcd.o(i.lcd_ex_ili9806_reginit) refers to lcd.o(i.lcd_wr_regno) for lcd_wr_regno
    lcd.o(i.lcd_ex_ili9806_reginit) refers to lcd.o(i.lcd_wr_data) for lcd_wr_data
    lcd.o(i.lcd_ex_ili9806_reginit) refers to stm32f4xx_hal.o(i.HAL_Delay) for HAL_Delay
    lcd.o(i.lcd_ex_nt35310_reginit) refers to lcd.o(i.lcd_wr_regno) for lcd_wr_regno
    lcd.o(i.lcd_ex_nt35310_reginit) refers to lcd.o(i.lcd_wr_data) for lcd_wr_data
    lcd.o(i.lcd_ex_nt35310_reginit) refers to stm32f4xx_hal.o(i.HAL_Delay) for HAL_Delay
    lcd.o(i.lcd_ex_nt35510_reginit) refers to lcd.o(i.lcd_write_reg) for lcd_write_reg
    lcd.o(i.lcd_ex_nt35510_reginit) refers to lcd.o(i.lcd_wr_regno) for lcd_wr_regno
    lcd.o(i.lcd_ex_nt35510_reginit) refers to stm32f4xx_hal.o(i.HAL_Delay) for HAL_Delay
    lcd.o(i.lcd_ex_ssd1963_reginit) refers to lcd.o(i.lcd_wr_regno) for lcd_wr_regno
    lcd.o(i.lcd_ex_ssd1963_reginit) refers to lcd.o(i.lcd_wr_data) for lcd_wr_data
    lcd.o(i.lcd_ex_ssd1963_reginit) refers to stm32f4xx_hal.o(i.HAL_Delay) for HAL_Delay
    lcd.o(i.lcd_ex_st7789_reginit) refers to lcd.o(i.lcd_wr_regno) for lcd_wr_regno
[...]
    i.HAL_Init                               0x08002800   Section        0  stm32f4xx_hal.o(i.HAL_Init)
    i.HAL_InitTick                           0x08002834   Section        0  stm32f4xx_hal.o(i.HAL_InitTick)
    i.HAL_MspInit                            0x08002874   Section        0  stm32f4xx_hal_msp.o(i.HAL_MspInit)
    i.HAL_NVIC_EnableIRQ                     0x080028a4   Section        0  stm32f4xx_hal_cortex.o(i.HAL_NVIC_EnableIRQ)
    i.HAL_NVIC_SetPriority                   0x080028c0   Section        0  stm32f4xx_hal_cortex.o(i.HAL_NVIC_SetPriority)
    i.HAL_NVIC_SetPriorityGrouping           0x08002900   Section        0  stm32f4xx_hal_cortex.o(i.HAL_NVIC_SetPriorityGrouping)
    i.HAL_RCC_ClockConfig                    0x08002924   Section        0  stm32f4xx_hal_rcc.o(i.HAL_RCC_ClockConfig)
    i.HAL_RCC_GetPCLK1Freq                   0x08002a58   Section        0  stm32f4xx_hal_rcc.o(i.HAL_RCC_GetPCLK1Freq)
    i.HAL_RCC_GetPCLK2Freq                   0x08002a78   Section        0  stm32f4xx_hal_rcc.o(i.HAL_RCC_GetPCLK2Freq)
    i.HAL_RCC_GetSysClockFreq                0x08002a98   Section        0  stm32f4xx_hal_rcc.o(i.HAL_RCC_GetSysClockFreq)
    i.HAL_RCC_OscConfig                      0x08002afc   Section        0  stm32f4xx_hal_rcc.o(i.HAL_RCC_OscConfig)
    i.HAL_SPI_Init                           0x08002e68   Section        0  stm32f4xx_hal_spi.o(i.HAL_SPI_Init)
    i.HAL_SPI_MspInit                        0x08002f24   Section        0  spi.o(i.HAL_SPI_MspInit)
    i.HAL_SRAM_Init                          0x08003084   Section        0  stm32f4xx_hal_sram.o(i.HAL_SRAM_Init)
    i.HAL_SRAM_MspInit                       0x080030e0   Section        0  fsmc.o(i.HAL_SRAM_MspInit)
    i.HAL_SYSTICK_Config                     0x080030e4   Section        0  stm32f4xx_hal_cortex.o(i.HAL_SYSTICK_Config)
    i.HAL_TIMEx_BreakCallback                0x0800310c   Section        0  stm32f4xx_hal_tim_ex.o(i.HAL_TIMEx_BreakCallback)
    i.HAL_TIMEx_CommutCallback               0x0800310e   Section        0  stm32f4xx_hal_tim_ex.o(i.HAL_TIMEx_CommutCallback)
    i.HAL_TIMEx_MasterConfigSynchronization  0x08003110   Section        0  stm32f4xx_hal_tim_ex.o(i.HAL_TIMEx_MasterConfigSynchronization)
    i.HAL_TIM_Base_Init                      0x080031a0   Section        0  stm32f4xx_hal_tim.o(i.HAL_TIM_Base_Init)
    i.HAL_TIM_Base_MspInit                   0x080031fc   Section        0  tim.o(i.HAL_TIM_Base_MspInit)
    i.HAL_TIM_Base_Start                     0x080032f4   Section        0  stm32f4xx_hal_tim.o(i.HAL_TIM_Base_Start)
    i.HAL_TIM_ConfigClockSource              0x0800336c   Section        0  stm32f4xx_hal_tim.o(i.HAL_TIM_ConfigClockSource)
    i.HAL_TIM_IC_CaptureCallback             0x08003448   Section        0  main.o(i.HAL_TIM_IC_CaptureCallback)
    i.HAL_TIM_IC_ConfigChannel               0x080034a0   Section        0  stm32f4xx_hal_tim.o(i.HAL_TIM_IC_ConfigChannel)
    i.HAL_TIM_IC_Init                        0x080035c4   Section        0  stm32f4xx_hal_tim.o(i.HAL_TIM_IC_Init)
    i.HAL_TIM_IC_MspInit                     0x0800361e   Section        0  stm32f4xx_hal_tim.o(i.HAL_TIM_IC_MspInit)
    i.HAL_TIM_IC_Start_IT                    0x08003620   Section        0  stm32f4xx_hal_tim.o(i.HAL_TIM_IC_Start_IT)
    i.HAL_TIM_IRQHandler                     0x0800372c   Section        0  stm32f4xx_hal_tim.o(i.HAL_TIM_IRQHandler)
    i.HAL_TIM_OC_DelayElapsedCallback        0x0800385c   Section        0  stm32f4xx_hal_tim.o(i.HAL_TIM_OC_DelayElapsedCallback)
    i.HAL_TIM_PWM_ConfigChannel              0x0800385e   Section        0  stm32f4xx_hal_tim.o(i.HAL_TIM_PWM_ConfigChannel)
    i.HAL_TIM_PWM_Init                       0x0800392a   Section        0  stm32f4xx_hal_tim.o(i.HAL_TIM_PWM_Init)
    i.HAL_TIM_PWM_MspInit                    0x08003984   Section        0  stm32f4xx_hal_tim.o(i.HAL_TIM_PWM_MspInit)
    i.HAL_TIM_PWM_PulseFinishedCallback      0x08003986   Section        0  stm32f4xx_hal_tim.o(i.HAL_TIM_PWM_PulseFinishedCallback)
    i.HAL_TIM_PeriodElapsedCallback          0x08003988   Section        0  stm32f4xx_hal_tim.o(i.HAL_TIM_PeriodElapsedCallback)
    i.HAL_TIM_ReadCapturedValue              0x0800398a   Section        0  stm32f4xx_hal_tim.o(i.HAL_TIM_ReadCapturedValue)
    i.HAL_TIM_SlaveConfigSynchro             0x080039b4   Section        0  stm32f4xx_hal_tim.o(i.HAL_TIM_SlaveConfigSynchro)
    i.HAL_TIM_TriggerCallback                0x08003a0a   Section        0  stm32f4xx_hal_tim.o(i.HAL_TIM_TriggerCallback)
    i.HAL_UART_Init                          0x08003a0c   Section        0  stm32f4xx_hal_uart.o(i.HAL_UART_Init)
    i.HAL_UART_MspInit                       0x08003a70   Section        0  usart.o(i.HAL_UART_MspInit)
    i.HAL_UART_Transmit                      0x08003adc   Section        0  stm32f4xx_hal_uart.o(i.HAL_UART_Transmit)
    i.HardFault_Handler                      0x08003b7c   Section        0  stm32f4xx_it.o(i.HardFault_Handler)
    i.Lcd_DrawNetwork                        0x08003b7e   Section        0  lcd_show.o(i.Lcd_DrawNetwork)
    i.MX_ADC1_Init                           0x08003bd0   Section        0  adc.o(i.MX_ADC1_Init)
    i.MX_DAC_Init                            0x08003c34   Section        0  dac.o(i.MX_DAC_Init)
    i.MX_DMA_Init                            0x08003c88   Section        0  dma.o(i.MX_DMA_Init)
    i.MX_FSMC_Init                           0x08003cf4   Section        0  fsmc.o(i.MX_FSMC_Init)
    i.MX_GPIO_Init                           0x08003d7c   Section        0  gpio.o(i.MX_GPIO_Init)
    i.MX_I2C1_Init                           0x08003e78   Section        0  i2c.o(i.MX_I2C1_Init)
    i.MX_SPI1_Init                           0x08003eb8   Section        0  spi.o(i.MX_SPI1_Init)
    i.MX_SPI2_Init                           0x08003efc   Section        0  spi.o(i.MX_SPI2_Init)
    i.MX_TIM2_Init                           0x08003f40   Section        0  tim.o(i.MX_TIM2_Init)
    i.MX_TIM3_Init                           0x08003fd8   Section        0  tim.o(i.MX_TIM3_Init)
    i.MX_TIM4_Init                           0x080040a4   Section        0  tim.o(i.MX_TIM4_Init)
    i.MX_TIM5_Init                           0x0800410c   Section        0  tim.o(i.MX_TIM5_Init)
    i.MX_USART1_UART_Init                    0x08004174   Section        0  usart.o(i.MX_USART1_UART_Init)
    i.MemManage_Handler                      0x080041ac   Section        0  stm32f4xx_it.o(i.MemManage_Handler)
    i.NMI_Handler                            0x080041ae   Section        0  stm32f4xx_it.o(i.NMI_Handler)
    i.PWM_Input_Capture                      0x080041b0   Section        0  main.o(i.PWM_Input_Capture)
    i.PendSV_Handler                         0x080042a4   Section        0  stm32f4xx_it.o(i.PendSV_Handler)
    i.SVC_Handler                            0x080042a6   Section        0  stm32f4xx_it.o(i.SVC_Handler)
    i.Set_BackGround                         0x080042a8   Section        0  lcd_show.o(i.Set_BackGround)
    i.SysTick_Handler                        0x080042d8   Section        0  stm32f4xx_it.o(i.SysTick_Handler)
    i.SystemClock_Config                     0x080042dc   Section        0  main.o(i.SystemClock_Config)
    i.SystemInit                             0x08004370   Section        0  system_stm32f4xx.o(i.SystemInit)
    i.TFTGPIO_main                           0x08004380   Section        0  tftgpio.o(i.TFTGPIO_main)
    i.TIM3_IRQHandler                        0x08004970   Section        0  stm32f4xx_it.o(i.TIM3_IRQHandler)
    i.TIM4_IRQHandler                        0x0800497c   Section        0  stm32f4xx_it.o(i.TIM4_IRQHandler)
    i.TIM_Base_SetConfig                     0x08004988   Section        0  stm32f4xx_hal_tim.o(i.TIM_Base_SetConfig)
    i.TIM_CCxChannelCmd                      0x08004a60   Section        0  stm32f4xx_hal_tim.o(i.TIM_CCxChannelCmd)
    i.TIM_ETR_SetConfig                      0x08004a7a   Section        0  stm32f4xx_hal_tim.o(i.TIM_ETR_SetConfig)
    i.TIM_ITRx_SetConfig                     0x08004a8e   Section        0  stm32f4xx_hal_tim.o(i.TIM_ITRx_SetConfig)
    TIM_ITRx_SetConfig                       0x08004a8f   Thumb Code    16  stm32f4xx_hal_tim.o(i.TIM_ITRx_SetConfig)
    i.TIM_OC1_SetConfig                      0x08004aa0   Section        0  stm32f4xx_hal_tim.o(i.TIM_OC1_SetConfig)
    TIM_OC1_SetConfig                        0x08004aa1   Thumb Code    88  stm32f4xx_hal_tim.o(i.TIM_OC1_SetConfig)
    i.TIM_OC2_SetConfig                      0x08004b00   Section        0  stm32f4xx_hal_tim.o(i.TIM_OC2_SetConfig)
    i.TIM_OC3_SetConfig                      0x08004b6c   Section        0  stm32f4xx_hal_tim.o(i.TIM_OC3_SetConfig)
    TIM_OC3_SetConfig                        0x08004b6d   Thumb Code    96  stm32f4xx_hal_tim.o(i.TIM_OC3_SetConfig)
    i.TIM_OC4_SetConfig                      0x08004bd4   Section        0  stm32f4xx_hal_tim.o(i.TIM_OC4_SetConfig)
    TIM_OC4_SetConfig                        0x08004bd5   Thumb Code    70  stm32f4xx_hal_tim.o(i.TIM_OC4_SetConfig)
    i.TIM_SlaveTimer_SetConfig               0x08004c24   Section        0  stm32f4xx_hal_tim.o(i.TIM_SlaveTimer_SetConfig)
    TIM_SlaveTimer_SetConfig                 0x08004c25   Thumb Code   140  stm32f4xx_hal_tim.o(i.TIM_SlaveTimer_SetConfig)
    i.TIM_TI1_ConfigInputStage               0x08004cb0   Section        0  stm32f4xx_hal_tim.o(i.TIM_TI1_ConfigInputStage)
    TIM_TI1_ConfigInputStage                 0x08004cb1   Thumb Code    34  stm32f4xx_hal_tim.o(i.TIM_TI1_ConfigInputStage)
    i.TIM_TI1_SetConfig                      0x08004cd4   Section        0  stm32f4xx_hal_tim.o(i.TIM_TI1_SetConfig)
    i.TIM_TI2_ConfigInputStage               0x08004d54   Section        0  stm32f4xx_hal_tim.o(i.TIM_TI2_ConfigInputStage)
    TIM_TI2_ConfigInputStage                 0x08004d55   Thumb Code    36  stm32f4xx_hal_tim.o(i.TIM_TI2_ConfigInputStage)
    i.TIM_TI2_SetConfig                      0x08004d78   Section        0  stm32f4xx_hal_tim.o(i.TIM_TI2_SetConfig)
    TIM_TI2_SetConfig                        0x08004d79   Thumb Code    54  stm32f4xx_hal_tim.o(i.TIM_TI2_SetConfig)
    i.UART_EndRxTransfer                     0x08004dae   Section        0  stm32f4xx_hal_uart.o(i.UART_EndRxTransfer)
    UART_EndRxTransfer                       0x08004daf   Thumb Code    78  stm32f4xx_hal_uart.o(i.UART_EndRxTransfer)
    i.UART_SetConfig                         0x08004dfc   Section        0  stm32f4xx_hal_uart.o(i.UART_SetConfig)
    UART_SetConfig                           0x08004dfd   Thumb Code   258  stm32f4xx_hal_uart.o(i.UART_SetConfig)
    i.UART_WaitOnFlagUntilTimeout            0x08004f08   Section        0  stm32f4xx_hal_uart.o(i.UART_WaitOnFlagUntilTimeout)
    UART_WaitOnFlagUntilTimeout              0x08004f09   Thumb Code   114  stm32f4xx_hal_uart.o(i.UART_WaitOnFlagUntilTimeout)
    i.UsageFault_Handler                     0x08004f7a   Section        0  stm32f4xx_it.o(i.UsageFault_Handler)
    i.__0printf                              0x08004f7c   Section        0  printfa.o(i.__0printf)
    i.__0sprintf                             0x08004f9c   Section        0  printfa.o(i.__0sprintf)
    i.__NVIC_SetPriority                     0x08004fc4   Section        0  stm32f4xx_hal_cortex.o(i.__NVIC_SetPriority)
    __NVIC_SetPriority                       0x08004fc5   Thumb Code    32  stm32f4xx_hal_cortex.o(i.__NVIC_SetPriority)
    i.__hardfp_sqrt                          0x08004fe4   Section        0  sqrt.o(i.__hardfp_sqrt)
    i.__hardfp_sqrtf                         0x0800505e   Section        0  sqrtf.o(i.__hardfp_sqrtf)
    i.__scatterload_copy                     0x08005098   Section       14  handlers.o(i.__scatterload_copy)
    i.__scatterload_null                     0x080050a6   Section        2  handlers.o(i.__scatterload_null)
    i.__scatterload_zeroinit                 0x080050a8   Section       14  handlers.o(i.__scatterload_zeroinit)
    i.__set_errno                            0x080050b8   Section        0  errno.o(i.__set_errno)
    i._fp_digits                             0x080050c4   Section        0  printfa.o(i._fp_digits)
    _fp_digits                               0x080050c5   Thumb Code   366  printfa.o(i._fp_digits)
    i._printf_core                           0x08005248   Section        0  printfa.o(i._printf_core)
    _printf_core                             0x08005249   Thumb Code  1704  printfa.o(i._printf_core)
    i._printf_post_padding                   0x080058fc   Section        0  printfa.o(i._printf_post_padding)
    _printf_post_padding                     0x080058fd   Thumb Code    36  printfa.o(i._printf_post_padding)
    i._printf_pre_padding                    0x08005920   Section        0  printfa.o(i._printf_pre_padding)
    _printf_pre_padding                      0x08005921   Thumb Code    46  printfa.o(i._printf_pre_padding)
    i._sputc                                 0x0800594e   Section        0  printfa.o(i._sputc)
    _sputc                                   0x0800594f   Thumb Code    10  printfa.o(i._sputc)
    i.fftCalculate                           0x08005958   Section        0  fft_handle.o(i.fftCalculate)
    i.fft_THD                                0x080059fc   Section        0  fft_handle.o(i.fft_THD)
    i.fputc                                  0x08005bc0   Section        0  usart.o(i.fputc)
    i.lcd_clear                              0x08005bd8   Section        0  lcd.o(i.lcd_clear)
    i.lcd_display_dir                        0x08005c08   Section        0  lcd.o(i.lcd_display_dir)
    i.lcd_draw_line                          0x08005cf4   Section        0  lcd.o(i.lcd_draw_line)
    i.lcd_draw_point                         0x08005d90   Section        0  lcd.o(i.lcd_draw_point)
    i.lcd_draw_rectangle                     0x08005da6   Section        0  lcd.o(i.lcd_draw_rectangle)
    i.lcd_ex_ili9341_reginit                 0x08005dea   Section        0  lcd.o(i.lcd_ex_ili9341_reginit)
    i.lcd_ex_ili9806_reginit                 0x08006018   Section        0  lcd.o(i.lcd_ex_ili9806_reginit)
    i.lcd_ex_nt35310_reginit                 0x0800635a   Section        0  lcd.o(i.lcd_ex_nt35310_reginit)
    i.lcd_ex_nt35510_reginit                 0x0800724e   Section        0  lcd.o(i.lcd_ex_nt35510_reginit)
    i.lcd_ex_ssd1963_reginit                 0x08008148   Section        0  lcd.o(i.lcd_ex_ssd1963_reginit)
    i.lcd_ex_st7789_reginit                  0x080082b8   Section        0  lcd.o(i.lcd_ex_st7789_reginit)
    i.lcd_ex_st7796_reginit                  0x08008462   Section        0  lcd.o(i.lcd_ex_st7796_reginit)
    i.lcd_init                               0x0800862c   Section        0  lcd.o(i.lcd_init)
    i.lcd_rd_data                            0x080088a8   Section        0  lcd.o(i.lcd_rd_data)
    lcd_rd_data                              0x080088a9   Thumb Code    26  lcd.o(i.lcd_rd_data)
    i.lcd_scan_dir                           0x080088c4   Section        0  lcd.o(i.lcd_scan_dir)
    i.lcd_set_cursor                         0x08008a48   Section        0  lcd.o(i.lcd_set_cursor)
    i.lcd_show_char                          0x08008b3c   Section        0  lcd.o(i.lcd_show_char)
    i.lcd_show_string                        0x08008c18   Section        0  lcd.o(i.lcd_show_string)
    i.lcd_ssd_backlight_set                  0x08008c70   Section        0  lcd.o(i.lcd_ssd_backlight_set)
    i.lcd_wr_data                            0x08008cc0   Section        0  lcd.o(i.lcd_wr_data)
    i.lcd_wr_regno                           0x08008cd8   Section        0  lcd.o(i.lcd_wr_regno)
    i.lcd_write_ram_prepare                  0x08008cf0   Section        0  lcd.o(i.lcd_write_ram_prepare)
    i.lcd_write_reg                          0x08008d04   Section        0  lcd.o(i.lcd_write_reg)
    i.main                                   0x08008d10   Section        0  main.o(i.main)
    .constdata                               0x08008e48   Section    12160  lcd.o(.constdata)
    .constdata                               0x0800bdc8   Section        8  stm32f4xx_hal_dma.o(.constdata)
    flagBitshiftOffset                       0x0800bdc8   Data           8  stm32f4xx_hal_dma.o(.constdata)
    .constdata                               0x0800bdd0   Section       16  system_stm32f4xx.o(.constdata)
    .constdata                               0x0800bde0   Section        8  system_stm32f4xx.o(.constdata)
    .data                                    0x20000000   Section        4  lcd.o(.data)
    .data                                    0x20000004   Section        4  lcd.o(.data)
    .data                                    0x20000008   Section       16  fft_handle.o(.data)
    .data                                    0x20000018   Section       28  main.o(.data)
    .data                                    0x20000034   Section        8  fsmc.o(.data)
    FSMC_Initialized                         0x20000034   Data           4  fsmc.o(.data)
    FSMC_DeInitialized                       0x20000038   Data           4  fsmc.o(.data)
    .data                                    0x2000003c   Section       12  stm32f4xx_hal.o(.data)
    .data                                    0x20000048   Section        4  system_stm32f4xx.o(.data)
    .data                                    0x2000004c   Section        4  stdout.o(.data)
    .data                                    0x20000050   Section        4  errno.o(.data)
    _errno                                   0x20000050   Data           4  errno.o(.data)
    .bss                                     0x20000054   Section       94  lcd.o(.bss)
    .bss                                     0x200000b4   Section    49292  fft_handle.o(.bss)
    .bss                                     0x2000c140   Section    24606  main.o(.bss)
    .bss                                     0x20012160   Section      168  adc.o(.bss)
    .bss                                     0x20012208   Section      116  dac.o(.bss)
    .bss                                     0x2001227c   Section       80  fsmc.o(.bss)
    .bss                                     0x200122cc   Section       84  i2c.o(.bss)
    .bss                                     0x20012320   Section      368  spi.o(.bss)
    .bss                                     0x20012490   Section      288  tim.o(.bss)
    .bss                                     0x200125b0   Section       72  usart.o(.bss)
    STACK                                    0x200125f8   Section     1024  startup_stm32f407xx.o(STACK)

    Global Symbols

    Symbol Name                              Value     Ov Type        Size  Object(Section)

    BuildAttributes$$THM_ISAv4$E$P$D$K$B$S$7EM$VFPi3$EXTD16$VFPS$VFMA$PE$A:L22UL41UL21$X:L11$S22US41US21$IEEE1$IW$USESV6$~STKCKD$USESV7$~SHL$OTIME$ROPI$IEEEJ$EBA8$MICROLIB$REQ8$PRES8$EABIv2 0x00000000   Number         0  anon$$obj.o ABSOLUTE
    __ARM_use_no_argv                        0x00000000   Number         0  main.o ABSOLUTE
    _printf_a                                0x00000000   Number         0  stubs.o ABSOLUTE
    _printf_c                                0x00000000   Number         0  stubs.o ABSOLUTE
    _printf_charcount                        0x00000000   Number         0  stubs.o ABSOLUTE
    _printf_d                                0x00000000   Number         0  stubs.o ABSOLUTE
    _printf_e                                0x00000000   Number         0  stubs.o ABSOLUTE
    _printf_f                                0x00000000   Number         0  stubs.o ABSOLUTE
    _printf_flags                            0x00000000   Number         0  stubs.o ABSOLUTE
    _printf_fp_dec                           0x00000000   Number         0  stubs.o ABSOLUTE
    _printf_fp_hex                           0x00000000   Number         0  stubs.o ABSOLUTE
    _printf_g                                0x00000000   Number         0  stubs.o ABSOLUTE
    _printf_i                                0x00000000   Number         0  stubs.o ABSOLUTE
    _printf_int_dec                          0x00000000   Number         0  stubs.o ABSOLUTE
    _printf_l                                0x00000000   Number         0  stubs.o ABSOLUTE
    _printf_lc                               0x00000000   Number         0  stubs.o ABSOLUTE
    _printf_ll                               0x00000000   Number         0  stubs.o ABSOLUTE
    _printf_lld                              0x00000000   Number         0  stubs.o ABSOLUTE
    _printf_lli                              0x00000000   Number         0  stubs.o ABSOLUTE
    _printf_llo                              0x00000000   Number         0  stubs.o ABSOLUTE
    _printf_llu                              0x00000000   Number         0  stubs.o ABSOLUTE
    _printf_llx                              0x00000000   Number         0  stubs.o ABSOLUTE
    _printf_longlong_dec                     0x00000000   Number         0  stubs.o ABSOLUTE
    _printf_longlong_hex                     0x00000000   Number         0  stubs.o ABSOLUTE
    _printf_longlong_oct                     0x00000000   Number         0  stubs.o ABSOLUTE
    _printf_ls                               0x00000000   Number         0  stubs.o ABSOLUTE
    _printf_mbtowc                           0x00000000   Number         0  stubs.o ABSOLUTE
    _printf_n                                0x00000000   Number         0  stubs.o ABSOLUTE
    _printf_o                                0x00000000   Number         0  stubs.o ABSOLUTE
    _printf_p                                0x00000000   Number         0  stubs.o ABSOLUTE
    _printf_percent                          0x00000000   Number         0  stubs.o ABSOLUTE
    _printf_pre_padding                      0x00000000   Number         0  stubs.o ABSOLUTE
    _printf_return_value                     0x00000000   Number         0  stubs.o ABSOLUTE
    _printf_s                                0x00000000   Number         0  stubs.o ABSOLUTE
    _printf_sizespec                         0x00000000   Number         0  stubs.o ABSOLUTE
    _printf_str                              0x00000000   Number         0  stubs.o ABSOLUTE
    _printf_truncate_signed                  0x00000000   Number         0  stubs.o ABSOLUTE
    _printf_truncate_unsigned                0x00000000   Number         0  stubs.o ABSOLUTE
    _printf_u                                0x00000000   Number         0  stubs.o ABSOLUTE
    _printf_wc                               0x00000000   Number         0  stubs.o ABSOLUTE
    _printf_wctomb                           0x00000000   Number         0  stubs.o ABSOLUTE
    _printf_widthprec                        0x00000000   Number         0  stubs.o ABSOLUTE
    _printf_x                                0x00000000   Number         0  stubs.o ABSOLUTE
    __arm_fini_                               - Undefined Weak Reference
    __cpp_initialize__aeabi_                  - Undefined Weak Reference
    __cxa_finalize                            - Undefined Weak Reference
    __decompress                              - Undefined Weak Reference
    _clock_init                               - Undefined Weak Reference
    _microlib_exit                            - Undefined Weak Reference
    __Vectors_Size                           0x00000188   Number         0  startup_stm32f407xx.o ABSOLUTE
    __Vectors                                0x08000000   Data           4  startup_stm32f407xx.o(RESET)
    __Vectors_End                            0x08000188   Data           0  startup_stm32f407xx.o(RESET)
    __main                                   0x08000189   Thumb Code     0  entry.o(.ARM.Collect$$$$00000000)
    _main_stk                                0x08000189   Thumb Code     0  entry2.o(.ARM.Collect$$$$00000001)
    _main_scatterload                        0x0800018d   Thumb Code     0  entry5.o(.ARM.Collect$$$$00000004)
    __main_after_scatterload                 0x08000191   Thumb Code     0  entry5.o(.ARM.Collect$$$$00000004)
    _main_clock                              0x08000191   Thumb Code     0  entry7b.o(.ARM.Collect$$$$00000008)
    _main_cpp_init                           0x08000191   Thumb Code     0  entry8b.o(.ARM.Collect$$$$0000000A)
    _main_init                               0x08000191   Thumb Code     0  entry9a.o(.ARM.Collect$$$$0000000B)
    __rt_lib_shutdown_fini                   0x08000199   Thumb Code     0  entry12b.o(.ARM.Collect$$$$0000000E)
    __rt_final_cpp                           0x0800019d   Thumb Code     0  entry10a.o(.ARM.Collect$$$$0000000F)
    __rt_final_exit                          0x0800019d   Thumb Code     0  entry11a.o(.ARM.Collect$$$$00000011)
    Reset_Handler                            0x080001a1   Thumb Code     8  startup_stm32f407xx.o(.text)
    CAN1_RX0_IRQHandler                      0x080001bb   Thumb Code     0  startup_stm32f407xx.o(.text)
    CAN1_RX1_IRQHandler                      0x080001bb   Thumb Code     0  startup_stm32f407xx.o(.text)
    CAN1_SCE_IRQHandler                      0x080001bb   Thumb Code     0  startup_stm32f407xx.o(.text)
    CAN1_TX_IRQHandler                       0x080001bb   Thumb Code     0  startup_stm32f407xx.o(.text)
    CAN2_RX0_IRQHandler                      0x080001bb   Thumb Code     0  startup_stm32f407xx.o(.text)
    CAN2_RX1_IRQHandler                      0x080001bb   Thumb Code     0  startup_stm32f407xx.o(.text)
    CAN2_SCE_IRQHandler                      0x080001bb   Thumb Code     0  startup_stm32f407xx.o(.text)
    CAN2_TX_IRQHandler                       0x080001bb   Thumb Code     0  startup_stm32f407xx.o(.text)
    DCMI_IRQHandler                          0x080001bb   Thumb Code     0  startup_stm32f407xx.o(.text)
    DMA1_Stream0_IRQHandler                  0x080001bb   Thumb Code     0  startup_stm32f407xx.o(.text)
    DMA1_Stream1_IRQHandler                  0x080001bb   Thumb Code     0  startup_stm32f407xx.o(.text)
    DMA1_Stream2_IRQHandler                  0x080001bb   Thumb Code     0  startup_stm32f407xx.o(.text)
    DMA1_Stream3_IRQHandler                  0x080001bb   Thumb Code     0  startup_stm32f407xx.o(.text)
    DMA1_Stream6_IRQHandler                  0x080001bb   Thumb Code     0  startup_stm32f407xx.o(.text)
    DMA1_Stream7_IRQHandler                  0x080001bb   Thumb Code     0  startup_stm32f407xx.o(.text)
    DMA2_Stream1_IRQHandler                  0x080001bb   Thumb Code     0  startup_stm32f407xx.o(.text)
    DMA2_Stream2_IRQHandler                  0x080001bb   Thumb Code     0  startup_stm32f407xx.o(.text)
    DMA2_Stream4_IRQHandler                  0x080001bb   Thumb Code     0  startup_stm32f407xx.o(.text)
    DMA2_Stream5_IRQHandler                  0x080001bb   Thumb Code     0  startup_stm32f407xx.o(.text)
    DMA2_Stream6_IRQHandler                  0x080001bb   Thumb Code     0  startup_stm32f407xx.o(.text)
    DMA2_Stream7_IRQHandler                  0x080001bb   Thumb Code     0  startup_stm32f407xx.o(.text)
    ETH_IRQHandler                           0x080001bb   Thumb Code     0  startup_stm32f407xx.o(.text)
    ETH_WKUP_IRQHandler                      0x080001bb   Thumb Code     0  startup_stm32f407xx.o(.text)
    EXTI0_IRQHandler                         0x080001bb   Thumb Code     0  startup_stm32f407xx.o(.text)
    EXTI15_10_IRQHandler                     0x080001bb   Thumb Code     0  startup_stm32f407xx.o(.text)
    EXTI1_IRQHandler                         0x080001bb   Thumb Code     0  startup_stm32f407xx.o(.text)
    EXTI2_IRQHandler                         0x080001bb   Thumb Code     0  startup_stm32f407xx.o(.text)
    EXTI3_IRQHandler                         0x080001bb   Thumb Code     0  startup_stm32f407xx.o(.text)
    EXTI4_IRQHandler                         0x080001bb   Thumb Code     0  startup_stm32f407xx.o(.text)
    EXTI9_5_IRQHandler                       0x080001bb   Thumb Code     0  startup_stm32f407xx.o(.text)
    FLASH_IRQHandler                         0x080001bb   Thumb Code     0  startup_stm32f407xx.o(.text)
    FMC_IRQHandler                           0x080001bb   Thumb Code     0  startup_stm32f407xx.o(.text)
    FPU_IRQHandler                           0x080001bb   Thumb Code     0  startup_stm32f407xx.o(.text)
    HASH_RNG_IRQHandler                      0x080001bb   Thumb Code     0  startup_stm32f407xx.o(.text)
    I2C1_ER_IRQHandler                       0x080001bb   Thumb Code     0  startup_stm32f407xx.o(.text)
    I2C1_EV_IRQHandler                       0x080001bb   Thumb Code     0  startup_stm32f407xx.o(.text)
    I2C2_ER_IRQHandler                       0x080001bb   Thumb Code     0  startup_stm32f407xx.o(.text)
    I2C2_EV_IRQHandler                       0x080001bb   Thumb Code     0  startup_stm32f407xx.o(.text)
    I2C3_ER_IRQHandler                       0x080001bb   Thumb Code     0  startup_stm32f407xx.o(.text)
    I2C3_EV_IRQHandler                       0x080001bb   Thumb Code     0  startup_stm32f407xx.o(.text)
    OTG_FS_IRQHandler                        0x080001bb   Thumb Code     0  startup_stm32f407xx.o(.text)
    OTG_FS_WKUP_IRQHandler                   0x080001bb   Thumb Code     0  startup_stm32f407xx.o(.text)
    OTG_HS_EP1_IN_IRQHandler                 0x080001bb   Thumb Code     0  startup_stm32f407xx.o(.text)
    OTG_HS_EP1_OUT_IRQHandler                0x080001bb   Thumb Code     0  startup_stm32f407xx.o(.text)
    OTG_HS_IRQHandler                        0x080001bb   Thumb Code     0  startup_stm32f407xx.o(.text)
    OTG_HS_WKUP_IRQHandler                   0x080001bb   Thumb Code     0  startup_stm32f407xx.o(.text)
    PVD_IRQHandler                           0x080001bb   Thumb Code     0  startup_stm32f407xx.o(.text)
    RCC_IRQHandler                           0x080001bb   Thumb Code     0  startup_stm32f407xx.o(.text)
    RTC_Alarm_IRQHandler                     0x080001bb   Thumb Code     0  startup_stm32f407xx.o(.text)
    RTC_WKUP_IRQHandler                      0x080001bb   Thumb Code     0  startup_stm32f407xx.o(.text)
    SDIO_IRQHandler                          0x080001bb   Thumb Code     0  startup_stm32f407xx.o(.text)
    SPI1_IRQHandler                          0x080001bb   Thumb Code     0  startup_stm32f407xx.o(.text)
    SPI2_IRQHandler                          0x080001bb   Thumb Code     0  startup_stm32f407xx.o(.text)
    SPI3_IRQHandler                          0x080001bb   Thumb Code     0  startup_stm32f407xx.o(.text)
    TAMP_STAMP_IRQHandler                    0x080001bb   Thumb Code     0  startup_stm32f407xx.o(.text)
    TIM1_BRK_TIM9_IRQHandler                 0x080001bb   Thumb Code     0  startup_stm32f407xx.o(.text)
    TIM1_CC_IRQHandler                       0x080001bb   Thumb Code     0  startup_stm32f407xx.o(.text)
    TIM1_TRG_COM_TIM11_IRQHandler            0x080001bb   Thumb Code     0  startup_stm32f407xx.o(.text)
    TIM1_UP_TIM10_IRQHandler                 0x080001bb   Thumb Code     0  startup_stm32f407xx.o(.text)
    TIM2_IRQHandler                          0x080001bb   Thumb Code     0  startup_stm32f407xx.o(.text)
    TIM5_IRQHandler                          0x080001bb   Thumb Code     0  startup_stm32f407xx.o(.text)
    TIM6_DAC_IRQHandler                      0x080001bb   Thumb Code     0  startup_stm32f407xx.o(.text)
    TIM7_IRQHandler                          0x080001bb   Thumb Code     0  startup_stm32f407xx.o(.text)
    TIM8_BRK_TIM12_IRQHandler                0x080001bb   Thumb Code     0  startup_stm32f407xx.o(.text)
    TIM8_CC_IRQHandler                       0x080001bb   Thumb Code     0  startup_stm32f407xx.o(.text)
    TIM8_TRG_COM_TIM14_IRQHandler            0x080001bb   Thumb Code     0  startup_stm32f407xx.o(.text)
    TIM8_UP_TIM13_IRQHandler                 0x080001bb   Thumb Code     0  startup_stm32f407xx.o(.text)
    UART4_IRQHandler                         0x080001bb   Thumb Code     0  startup_stm32f407xx.o(.text)
    UART5_IRQHandler                         0x080001bb   Thumb Code     0  startup_stm32f407xx.o(.text)
    USART1_IRQHandler                        0x080001bb   Thumb Code     0  startup_stm32f407xx.o(.text)
    USART2_IRQHandler                        0x080001bb   Thumb Code     0  startup_stm32f407xx.o(.text)
    USART3_IRQHandler                        0x080001bb   Thumb Code     0  startup_stm32f407xx.o(.text)
    USART6_IRQHandler                        0x080001bb   Thumb Code     0  startup_stm32f407xx.o(.text)
    WWDG_IRQHandler                          0x080001bb   Thumb Code     0  startup_stm32f407xx.o(.text)
    __aeabi_uldivmod                         0x080001c5   Thumb Code    98  uldiv.o(.text)
    __aeabi_memset                           0x08000227   Thumb Code    14  memseta.o(.text)
    __aeabi_memset4                          0x08000227   Thumb Code     0  memseta.o(.text)
    __aeabi_memset8                          0x08000227   Thumb Code     0  memseta.o(.text)
    __aeabi_memclr                           0x08000235   Thumb Code     4  memseta.o(.text)
    __aeabi_memclr4                          0x08000235   Thumb Code     0  memseta.o(.text)
    __aeabi_memclr8                          0x08000235   Thumb Code     0  memseta.o(.text)
    _memset$wrapper                          0x08000239   Thumb Code    18  memseta.o(.text)
    __aeabi_dadd                             0x0800024b   Thumb Code   322  dadd.o(.text)
    __aeabi_dsub                             0x0800038d   Thumb Code     6  dadd.o(.text)
    __aeabi_drsub                            0x08000393   Thumb Code     6  dadd.o(.text)
    __aeabi_dmul                             0x08000399   Thumb Code   228  dmul.o(.text)
    __aeabi_ddiv                             0x0800047d   Thumb Code   222  ddiv.o(.text)
    __aeabi_ui2d                             0x0800055b   Thumb Code    26  dfltui.o(.text)
    __aeabi_d2uiz                            0x08000575   Thumb Code    50  dfixui.o(.text)
    __aeabi_f2d                              0x080005a7   Thumb Code    38  f2d.o(.text)
    __aeabi_d2f                              0x080005cd   Thumb Code    56  d2f.o(.text)
    __aeabi_uidiv                            0x08000605   Thumb Code     0  uidiv.o(.text)
    __aeabi_uidivmod                         0x08000605   Thumb Code    44  uidiv.o(.text)
    __aeabi_llsl                             0x08000631   Thumb Code    30  llshl.o(.text)
    _ll_shift_l                              0x08000631   Thumb Code     0  llshl.o(.text)
    __aeabi_llsr                             0x0800064f   Thumb Code    32  llushr.o(.text)
    _ll_ushift_r                             0x0800064f   Thumb Code     0  llushr.o(.text)
    __aeabi_lasr                             0x0800066f   Thumb Code    36  llsshr.o(.text)
    _ll_sshift_r                             0x0800066f   Thumb Code     0  llsshr.o(.text)
    __I$use$fp                               0x08000693   Thumb Code     0  iusefp.o(.text)
    _float_round                             0x08000693   Thumb Code    18  fepilogue.o(.text)
    _float_epilogue                          0x080006a5   Thumb Code    92  fepilogue.o(.text)
    _double_round                            0x08000701   Thumb Code    30  depilogue.o(.text)
    _double_epilogue                         0x0800071f   Thumb Code   156  depilogue.o(.text)
    _dsqrt                                   0x080007bb   Thumb Code   162  dsqrt.o(.text)
    __aeabi_d2ulz                            0x0800085d   Thumb Code    48  dfixul.o(.text)
    __aeabi_cdrcmple                         0x0800088d   Thumb Code    48  cdrcmple.o(.text)
    __scatterload                            0x080008bd   Thumb Code    28  init.o(.text)
    __scatterload_rt2                        0x080008bd   Thumb Code     0  init.o(.text)
    arm_bitreversal_32                       0x080008e1   Thumb Code    68  arm_bitreversal2.o(.text.arm_bitreversal_32)
    arm_cfft_f32                             0x08000925   Thumb Code   224  arm_cfft_f32.o(.text.arm_cfft_f32)
    arm_cfft_radix8by2_f32                   0x08000a05   Thumb Code   408  arm_cfft_f32.o(.text.arm_cfft_radix8by2_f32)
    arm_cfft_radix8by4_f32                   0x08000b9d   Thumb Code  1020  arm_cfft_f32.o(.text.arm_cfft_radix8by4_f32)
    arm_cmplx_mag_f32                        0x08000f99   Thumb Code   340  arm_cmplx_mag_f32.o(.text.arm_cmplx_mag_f32)
    arm_radix8_butterfly_f32                 0x080010ed   Thumb Code  1458  arm_cfft_radix8_f32.o(.text.arm_radix8_butterfly_f32)
    ADC_IRQHandler                           0x0800172d   Thumb Code     6  stm32f4xx_it.o(i.ADC_IRQHandler)
    BusFault_Handler                         0x08001861   Thumb Code     2  stm32f4xx_it.o(i.BusFault_Handler)
    DMA1_Stream4_IRQHandler                  0x08001865   Thumb Code     6  stm32f4xx_it.o(i.DMA1_Stream4_IRQHandler)
    DMA1_Stream5_IRQHandler                  0x08001871   Thumb Code     6  stm32f4xx_it.o(i.DMA1_Stream5_IRQHandler)
    DMA2_Stream0_IRQHandler                  0x0800187d   Thumb Code    16  stm32f4xx_it.o(i.DMA2_Stream0_IRQHandler)
    DMA2_Stream3_IRQHandler                  0x08001895   Thumb Code     6  stm32f4xx_it.o(i.DMA2_Stream3_IRQHandler)
    DebugMon_Handler                         0x08001945   Thumb Code     2  stm32f4xx_it.o(i.DebugMon_Handler)
    Draw_Prompt                              0x08001949   Thumb Code    18  lcd_show.o(i.Draw_Prompt)
    Error_Handler                            0x08001965   Thumb Code     4  main.o(i.Error_Handler)
    FSMC_NORSRAM_Extended_Timing_Init        0x08001969   Thumb Code    56  stm32f4xx_ll_fsmc.o(i.FSMC_NORSRAM_Extended_Timing_Init)
    FSMC_NORSRAM_Init                        0x080019a5   Thumb Code    98  stm32f4xx_ll_fsmc.o(i.FSMC_NORSRAM_Init)
    FSMC_NORSRAM_Timing_Init                 0x08001a0d   Thumb Code    64  stm32f4xx_ll_fsmc.o(i.FSMC_NORSRAM_Timing_Init)
    HAL_ADCEx_InjectedConvCpltCallback       0x08001a51   Thumb Code     2  stm32f4xx_hal_adc_ex.o(i.HAL_ADCEx_InjectedConvCpltCallback)
    HAL_ADC_ConfigChannel                    0x08001a55   Thumb Code   316  stm32f4xx_hal_adc.o(i.HAL_ADC_ConfigChannel)
    HAL_ADC_ConvCpltCallback                 0x08001ba1   Thumb Code     2  stm32f4xx_hal_adc.o(i.HAL_ADC_ConvCpltCallback)
    HAL_ADC_ConvHalfCpltCallback             0x08001ba3   Thumb Code     2  stm32f4xx_hal_adc.o(i.HAL_ADC_ConvHalfCpltCallback)
    HAL_ADC_ErrorCallback                    0x08001ba5   Thumb Code     2  stm32f4xx_hal_adc.o(i.HAL_ADC_ErrorCallback)
    HAL_ADC_IRQHandler                       0x08001ba7   Thumb Code   302  stm32f4xx_hal_adc.o(i.HAL_ADC_IRQHandler)
    HAL_ADC_Init                             0x08001cd5   Thumb Code    84  stm32f4xx_hal_adc.o(i.HAL_ADC_Init)
    HAL_ADC_LevelOutOfWindowCallback         0x08001d29   Thumb Code     2  stm32f4xx_hal_adc.o(i.HAL_ADC_LevelOutOfWindowCallback)
    HAL_ADC_MspInit                          0x08001d2d   Thumb Code   150  adc.o(i.HAL_ADC_MspInit)
    HAL_ADC_Start_DMA                        0x08001dd9   Thumb Code   302  stm32f4xx_hal_adc.o(i.HAL_ADC_Start_DMA)
    HAL_DAC_ConfigChannel                    0x08001f2d   Thumb Code    78  stm32f4xx_hal_dac.o(i.HAL_DAC_ConfigChannel)
    HAL_DAC_Init                             0x08001f7b   Thumb Code    40  stm32f4xx_hal_dac.o(i.HAL_DAC_Init)
    HAL_DAC_MspInit                          0x08001fa5   Thumb Code   136  dac.o(i.HAL_DAC_MspInit)
    HAL_DMA_IRQHandler                       0x08002041   Thumb Code   412  stm32f4xx_hal_dma.o(i.HAL_DMA_IRQHandler)
    HAL_DMA_Init                             0x080021e1   Thumb Code   206  stm32f4xx_hal_dma.o(i.HAL_DMA_Init)
    HAL_DMA_Start_IT                         0x080022b5   Thumb Code   110  stm32f4xx_hal_dma.o(i.HAL_DMA_Start_IT)
    HAL_Delay                                0x08002325   Thumb Code    32  stm32f4xx_hal.o(i.HAL_Delay)
    HAL_GPIO_Init                            0x080023f1   Thumb Code   450  stm32f4xx_hal_gpio.o(i.HAL_GPIO_Init)
    HAL_GPIO_ReadPin                         0x080025e1   Thumb Code    10  stm32f4xx_hal_gpio.o(i.HAL_GPIO_ReadPin)
    HAL_GPIO_WritePin                        0x080025eb   Thumb Code    10  stm32f4xx_hal_gpio.o(i.HAL_GPIO_WritePin)
    HAL_GetTick                              0x080025f5   Thumb Code     6  stm32f4xx_hal.o(i.HAL_GetTick)
    HAL_I2C_Init                             0x08002601   Thumb Code   376  stm32f4xx_hal_i2c.o(i.HAL_I2C_Init)
    HAL_I2C_MspInit                          0x08002789   Thumb Code    92  i2c.o(i.HAL_I2C_MspInit)
    HAL_IncTick                              0x080027f1   Thumb Code    12  stm32f4xx_hal.o(i.HAL_IncTick)
    HAL_Init                                 0x08002801   Thumb Code    48  stm32f4xx_hal.o(i.HAL_Init)
    HAL_InitTick                             0x08002835   Thumb Code    54  stm32f4xx_hal.o(i.HAL_InitTick)
    HAL_MspInit                              0x08002875   Thumb Code    42  stm32f4xx_hal_msp.o(i.HAL_MspInit)
    HAL_NVIC_EnableIRQ                       0x080028a5   Thumb Code    26  stm32f4xx_hal_cortex.o(i.HAL_NVIC_EnableIRQ)
    HAL_NVIC_SetPriority                     0x080028c1   Thumb Code    60  stm32f4xx_hal_cortex.o(i.HAL_NVIC_SetPriority)
    HAL_NVIC_SetPriorityGrouping             0x08002901   Thumb Code    26  stm32f4xx_hal_cortex.o(i.HAL_NVIC_SetPriorityGrouping)
    HAL_RCC_ClockConfig                      0x08002925   Thumb Code   288  stm32f4xx_hal_rcc.o(i.HAL_RCC_ClockConfig)
    HAL_RCC_GetPCLK1Freq                     0x08002a59   Thumb Code    20  stm32f4xx_hal_rcc.o(i.HAL_RCC_GetPCLK1Freq)
    HAL_RCC_GetPCLK2Freq                     0x08002a79   Thumb Code    20  stm32f4xx_hal_rcc.o(i.HAL_RCC_GetPCLK2Freq)
    HAL_RCC_GetSysClockFreq                  0x08002a99   Thumb Code    88  stm32f4xx_hal_rcc.o(i.HAL_RCC_GetSysClockFreq)
    HAL_RCC_OscConfig                        0x08002afd   Thumb Code   856  stm32f4xx_hal_rcc.o(i.HAL_RCC_OscConfig)
    HAL_SPI_Init                             0x08002e69   Thumb Code   188  stm32f4xx_hal_spi.o(i.HAL_SPI_Init)
    HAL_SPI_MspInit                          0x08002f25   Thumb Code   314  spi.o(i.HAL_SPI_MspInit)
    HAL_SRAM_Init                            0x08003085   Thumb Code    92  stm32f4xx_hal_sram.o(i.HAL_SRAM_Init)
    HAL_SRAM_MspInit                         0x080030e1   Thumb Code     4  fsmc.o(i.HAL_SRAM_MspInit)
    HAL_SYSTICK_Config                       0x080030e5   Thumb Code    40  stm32f4xx_hal_cortex.o(i.HAL_SYSTICK_Config)
    HAL_TIMEx_BreakCallback                  0x0800310d   Thumb Code     2  stm32f4xx_hal_tim_ex.o(i.HAL_TIMEx_BreakCallback)
    HAL_TIMEx_CommutCallback                 0x0800310f   Thumb Code     2  stm32f4xx_hal_tim_ex.o(i.HAL_TIMEx_CommutCallback)
    HAL_TIMEx_MasterConfigSynchronization    0x08003111   Thumb Code   116  stm32f4xx_hal_tim_ex.o(i.HAL_TIMEx_MasterConfigSynchronization)
    HAL_TIM_Base_Init                        0x080031a1   Thumb Code    90  stm32f4xx_hal_tim.o(i.HAL_TIM_Base_Init)
    HAL_TIM_Base_MspInit                     0x080031fd   Thumb Code   222  tim.o(i.HAL_TIM_Base_MspInit)
    HAL_TIM_Base_Start                       0x080032f5   Thumb Code    90  stm32f4xx_hal_tim.o(i.HAL_TIM_Base_Start)
    HAL_TIM_ConfigClockSource                0x0800336d   Thumb Code   220  stm32f4xx_hal_tim.o(i.HAL_TIM_ConfigClockSource)
    HAL_TIM_IC_CaptureCallback               0x08003449   Thumb Code    78  main.o(i.HAL_TIM_IC_CaptureCallback)
    HAL_TIM_IC_ConfigChannel                 0x080034a1   Thumb Code   292  stm32f4xx_hal_tim.o(i.HAL_TIM_IC_ConfigChannel)
    HAL_TIM_IC_Init                          0x080035c5   Thumb Code    90  stm32f4xx_hal_tim.o(i.HAL_TIM_IC_Init)
    HAL_TIM_IC_MspInit                       0x0800361f   Thumb Code     2  stm32f4xx_hal_tim.o(i.HAL_TIM_IC_MspInit)
    HAL_TIM_IC_Start_IT                      0x08003621   Thumb Code   240  stm32f4xx_hal_tim.o(i.HAL_TIM_IC_Start_IT)
    HAL_TIM_IRQHandler                       0x0800372d   Thumb Code   304  stm32f4xx_hal_tim.o(i.HAL_TIM_IRQHandler)
    HAL_TIM_OC_DelayElapsedCallback          0x0800385d   Thumb Code     2  stm32f4xx_hal_tim.o(i.HAL_TIM_OC_DelayElapsedCallback)
    HAL_TIM_PWM_ConfigChannel                0x0800385f   Thumb Code   204  stm32f4xx_hal_tim.o(i.HAL_TIM_PWM_ConfigChannel)
    HAL_TIM_PWM_Init                         0x0800392b   Thumb Code    90  stm32f4xx_hal_tim.o(i.HAL_TIM_PWM_Init)
    HAL_TIM_PWM_MspInit                      0x08003985   Thumb Code     2  stm32f4xx_hal_tim.o(i.HAL_TIM_PWM_MspInit)
    HAL_TIM_PWM_PulseFinishedCallback        0x08003987   Thumb Code     2  stm32f4xx_hal_tim.o(i.HAL_TIM_PWM_PulseFinishedCallback)
    HAL_TIM_PeriodElapsedCallback            0x08003989   Thumb Code     2  stm32f4xx_hal_tim.o(i.HAL_TIM_PeriodElapsedCallback)
    HAL_TIM_ReadCapturedValue                0x0800398b   Thumb Code    42  stm32f4xx_hal_tim.o(i.HAL_TIM_ReadCapturedValue)
    HAL_TIM_SlaveConfigSynchro               0x080039b5   Thumb Code    86  stm32f4xx_hal_tim.o(i.HAL_TIM_SlaveConfigSynchro)
    HAL_TIM_TriggerCallback                  0x08003a0b   Thumb Code     2  stm32f4xx_hal_tim.o(i.HAL_TIM_TriggerCallback)
    HAL_UART_Init                            0x08003a0d   Thumb Code   100  stm32f4xx_hal_uart.o(i.HAL_UART_Init)
    HAL_UART_MspInit                         0x08003a71   Thumb Code    94  usart.o(i.HAL_UART_MspInit)
    HAL_UART_Transmit                        0x08003add   Thumb Code   160  stm32f4xx_hal_uart.o(i.HAL_UART_Transmit)
    HardFault_Handler                        0x08003b7d   Thumb Code     2  stm32f4xx_it.o(i.HardFault_Handler)
    Lcd_DrawNetwork                          0x08003b7f   Thumb Code    82  lcd_show.o(i.Lcd_DrawNetwork)
    MX_ADC1_Init                             0x08003bd1   Thumb Code    92  adc.o(i.MX_ADC1_Init)
    MX_DAC_Init                              0x08003c35   Thumb Code    74  dac.o(i.MX_DAC_Init)
    MX_DMA_Init                              0x08003c89   Thumb Code   104  dma.o(i.MX_DMA_Init)
    MX_FSMC_Init                             0x08003cf5   Thumb Code   128  fsmc.o(i.MX_FSMC_Init)
    MX_GPIO_Init                             0x08003d7d   Thumb Code   236  gpio.o(i.MX_GPIO_Init)
    MX_I2C1_Init                             0x08003e79   Thumb Code    50  i2c.o(i.MX_I2C1_Init)
    MX_SPI1_Init                             0x08003eb9   Thumb Code    60  spi.o(i.MX_SPI1_Init)
    MX_SPI2_Init                             0x08003efd   Thumb Code    60  spi.o(i.MX_SPI2_Init)
    MX_TIM2_Init                             0x08003f41   Thumb Code   148  tim.o(i.MX_TIM2_Init)
    MX_TIM3_Init                             0x08003fd9   Thumb Code   196  tim.o(i.MX_TIM3_Init)
    MX_TIM4_Init                             0x080040a5   Thumb Code    96  tim.o(i.MX_TIM4_Init)
    MX_TIM5_Init                             0x0800410d   Thumb Code    94  tim.o(i.MX_TIM5_Init)
    MX_USART1_UART_Init                      0x08004175   Thumb Code    48  usart.o(i.MX_USART1_UART_Init)
    MemManage_Handler                        0x080041ad   Thumb Code     2  stm32f4xx_it.o(i.MemManage_Handler)
    NMI_Handler                              0x080041af   Thumb Code     2  stm32f4xx_it.o(i.NMI_Handler)
    PWM_Input_Capture                        0x080041b1   Thumb Code   192  main.o(i.PWM_Input_Capture)
    PendSV_Handler                           0x080042a5   Thumb Code     2  stm32f4xx_it.o(i.PendSV_Handler)
    SVC_Handler                              0x080042a7   Thumb Code     2  stm32f4xx_it.o(i.SVC_Handler)
    Set_BackGround                           0x080042a9   Thumb Code    42  lcd_show.o(i.Set_BackGround)
    SysTick_Handler                          0x080042d9   Thumb Code     4  stm32f4xx_it.o(i.SysTick_Handler)
    SystemClock_Config                       0x080042dd   Thumb Code   140  main.o(i.SystemClock_Config)
    SystemInit                               0x08004371   Thumb Code    12  system_stm32f4xx.o(i.SystemInit)
    TFTGPIO_main                             0x08004381   Thumb Code  1502  tftgpio.o(i.TFTGPIO_main)
    TIM3_IRQHandler                          0x08004971   Thumb Code     6  stm32f4xx_it.o(i.TIM3_IRQHandler)
    TIM4_IRQHandler                          0x0800497d   Thumb Code     6  stm32f4xx_it.o(i.TIM4_IRQHandler)
    TIM_Base_SetConfig                       0x08004989   Thumb Code   170  stm32f4xx_hal_tim.o(i.TIM_Base_SetConfig)
    TIM_CCxChannelCmd                        0x08004a61   Thumb Code    26  stm32f4xx_hal_tim.o(i.TIM_CCxChannelCmd)
    TIM_ETR_SetConfig                        0x08004a7b   Thumb Code    20  stm32f4xx_hal_tim.o(i.TIM_ETR_SetConfig)
    TIM_OC2_SetConfig                        0x08004b01   Thumb Code    98  stm32f4xx_hal_tim.o(i.TIM_OC2_SetConfig)
    TIM_TI1_SetConfig                        0x08004cd5   Thumb Code   100  stm32f4xx_hal_tim.o(i.TIM_TI1_SetConfig)
    UsageFault_Handler                       0x08004f7b   Thumb Code     2  stm32f4xx_it.o(i.UsageFault_Handler)
    __0printf                                0x08004f7d   Thumb Code    22  printfa.o(i.__0printf)
    __1printf                                0x08004f7d   Thumb Code     0  printfa.o(i.__0printf)
    __2printf                                0x08004f7d   Thumb Code     0  printfa.o(i.__0printf)
    __c89printf                              0x08004f7d   Thumb Code     0  printfa.o(i.__0printf)
    printf                                   0x08004f7d   Thumb Code     0  printfa.o(i.__0printf)
    __0sprintf                               0x08004f9d   Thumb Code    34  printfa.o(i.__0sprintf)
    __1sprintf                               0x08004f9d   Thumb Code     0  printfa.o(i.__0sprintf)
    __2sprintf                               0x08004f9d   Thumb Code     0  printfa.o(i.__0sprintf)
    __c89sprintf                             0x08004f9d   Thumb Code     0  printfa.o(i.__0sprintf)
    sprintf                                  0x08004f9d   Thumb Code     0  printfa.o(i.__0sprintf)
    __hardfp_sqrt                            0x08004fe5   Thumb Code   122  sqrt.o(i.__hardfp_sqrt)
    __hardfp_sqrtf                           0x0800505f   Thumb Code    58  sqrtf.o(i.__hardfp_sqrtf)
    __scatterload_copy                       0x08005099   Thumb Code    14  handlers.o(i.__scatterload_copy)
    __scatterload_null                       0x080050a7   Thumb Code     2  handlers.o(i.__scatterload_null)
    __scatterload_zeroinit                   0x080050a9   Thumb Code    14  handlers.o(i.__scatterload_zeroinit)
    __set_errno                              0x080050b9   Thumb Code     6  errno.o(i.__set_errno)
    fftCalculate                             0x08005959   Thumb Code   136  fft_handle.o(i.fftCalculate)
    fft_THD                                  0x080059fd   Thumb Code   404  fft_handle.o(i.fft_THD)
    fputc                                    0x08005bc1   Thumb Code    20  usart.o(i.fputc)
    lcd_clear                                0x08005bd9   Thumb Code    44  lcd.o(i.lcd_clear)
    lcd_display_dir                          0x08005c09   Thumb Code   230  lcd.o(i.lcd_display_dir)
    lcd_draw_line                            0x08005cf5   Thumb Code   156  lcd.o(i.lcd_draw_line)
    lcd_draw_point                           0x08005d91   Thumb Code    22  lcd.o(i.lcd_draw_point)
    lcd_draw_rectangle                       0x08005da7   Thumb Code    68  lcd.o(i.lcd_draw_rectangle)
    lcd_ex_ili9341_reginit                   0x08005deb   Thumb Code   558  lcd.o(i.lcd_ex_ili9341_reginit)
    lcd_ex_ili9806_reginit                   0x08006019   Thumb Code   834  lcd.o(i.lcd_ex_ili9806_reginit)
    lcd_ex_nt35310_reginit                   0x0800635b   Thumb Code  3828  lcd.o(i.lcd_ex_nt35310_reginit)
    lcd_ex_nt35510_reginit                   0x0800724f   Thumb Code  3834  lcd.o(i.lcd_ex_nt35510_reginit)
    lcd_ex_ssd1963_reginit                   0x08008149   Thumb Code   368  lcd.o(i.lcd_ex_ssd1963_reginit)
    lcd_ex_st7789_reginit                    0x080082b9   Thumb Code   426  lcd.o(i.lcd_ex_st7789_reginit)
    lcd_ex_st7796_reginit                    0x08008463   Thumb Code   456  lcd.o(i.lcd_ex_st7796_reginit)
    lcd_init                                 0x0800862d   Thumb Code   616  lcd.o(i.lcd_init)
    lcd_scan_dir                             0x080088c5   Thumb Code   384  lcd.o(i.lcd_scan_dir)
    lcd_set_cursor                           0x08008a49   Thumb Code   238  lcd.o(i.lcd_set_cursor)
    lcd_show_char                            0x08008b3d   Thumb Code   196  lcd.o(i.lcd_show_char)
    lcd_show_string                          0x08008c19   Thumb Code    86  lcd.o(i.lcd_show_string)
    lcd_ssd_backlight_set                    0x08008c71   Thumb Code    72  lcd.o(i.lcd_ssd_backlight_set)
    lcd_wr_data                              0x08008cc1   Thumb Code    24  lcd.o(i.lcd_wr_data)
    lcd_wr_regno                             0x08008cd9   Thumb Code    24  lcd.o(i.lcd_wr_regno)
    lcd_write_ram_prepare                    0x08008cf1   Thumb Code    14  lcd.o(i.lcd_write_ram_prepare)
    lcd_write_reg                            0x08008d05   Thumb Code    12  lcd.o(i.lcd_write_reg)
    main                                     0x08008d11   Thumb Code   270  main.o(i.main)
    asc2_1206                                0x08008e48   Data        1140  lcd.o(.constdata)
    asc2_1608                                0x080092bc   Data        1520  lcd.o(.constdata)
    asc2_2412                                0x080098ac   Data        3420  lcd.o(.constdata)
    asc2_3216                                0x0800a608   Data        6080  lcd.o(.constdata)
    AHBPrescTable                            0x0800bdd0   Data          16  system_stm32f4xx.o(.constdata)
    APBPrescTable                            0x0800bde0   Data           8  system_stm32f4xx.o(.constdata)
    armBitRevIndexTable4096                  0x0800bde8   Data        8064  arm_common_tables.o(.rodata.armBitRevIndexTable4096)
    arm_cfft_sR_f32_len4096                  0x0800dd68   Data          16  arm_const_structs.o(.rodata.arm_cfft_sR_f32_len4096)
    twiddleCoef_4096                         0x0800dd78   Data       32768  arm_common_tables.o(.rodata.twiddleCoef_4096)
    Region$$Table$$Base                      0x08015d78   Number         0  anon$$obj.o(Region$$Table)
    Region$$Table$$Limit                     0x08015d98   Number         0  anon$$obj.o(Region$$Table)
    g_point_color                            0x20000000   Data           4  lcd.o(.data)
    g_back_color                             0x20000004   Data           4  lcd.o(.data)
    fft_index_max                            0x20000008   Data           2  fft_handle.o(.data)
    fft_index_min                            0x2000000a   Data           2  fft_handle.o(.data)
    fft_direct                               0x2000000c   Data           4  fft_handle.o(.data)
    cnt_calculate                            0x20000010   Data           4  fft_handle.o(.data)
    RAM_index                                0x20000014   Data           4  fft_handle.o(.data)
    AdcConvEnd                               0x20000018   Data           1  main.o(.data)
    j                                        0x2000001a   Data           2  main.o(.data)
    PWMCheck_cnt                             0x2000001c   Data           2  main.o(.data)
    mode                                     0x20000020   Data           4  main.o(.data)
    key_index                                0x20000024   Data           4  main.o(.data)
    PWM_RisingCount                          0x20000028   Data           4  main.o(.data)
    PWM_FallingCount                         0x2000002c   Data           4  main.o(.data)
    duty                                     0x20000030   Data           4  main.o(.data)
    uwTickFreq                               0x2000003c   Data           1  stm32f4xx_hal.o(.data)
    uwTickPrio                               0x20000040   Data           4  stm32f4xx_hal.o(.data)
    uwTick                                   0x20000044   Data           4  stm32f4xx_hal.o(.data)
    SystemCoreClock                          0x20000048   Data           4  system_stm32f4xx.o(.data)
    __stdout                                 0x2000004c   Data           4  stdout.o(.data)
    g_sram_handle                            0x20000054   Data          80  lcd.o(.bss)
    lcddev                                   0x200000a4   Data          14  lcd.o(.bss)
    THD_RAM                                  0x200000b4   Data          40  fft_handle.o(.bss)
    fft_inputbuf                             0x200000dc   Data       32768  fft_handle.o(.bss)
    fft_outputbuf                            0x200080dc   Data       16384  fft_handle.o(.bss)
    SPR_STR                                  0x2000c0dc   Data         100  fft_handle.o(.bss)
    adcBuff                                  0x2000c140   Data        8192  main.o(.bss)
    adcVolt                                  0x2000e140   Data       16384  main.o(.bss)
    P_buff                                   0x20012140   Data          30  main.o(.bss)
    hadc1                                    0x20012160   Data          72  adc.o(.bss)
    hdma_adc1                                0x200121a8   Data          96  adc.o(.bss)
    hdac                                     0x20012208   Data          20  dac.o(.bss)
    hdma_dac1                                0x2001221c   Data          96  dac.o(.bss)
    hsram1                                   0x2001227c   Data          80  fsmc.o(.bss)
    hi2c1                                    0x200122cc   Data          84  i2c.o(.bss)
    hspi1                                    0x20012320   Data          88  spi.o(.bss)
    hspi2                                    0x20012378   Data          88  spi.o(.bss)
    hdma_spi1_tx                             0x200123d0   Data          96  spi.o(.bss)
    hdma_spi2_tx                             0x20012430   Data          96  spi.o(.bss)
    htim2                                    0x20012490   Data          72  tim.o(.bss)
    htim3                                    0x200124d8   Data          72  tim.o(.bss)
    htim4                                    0x20012520   Data          72  tim.o(.bss)
    htim5                                    0x20012568   Data          72  tim.o(.bss)
    huart1                                   0x200125b0   Data          72  usart.o(.bss)
    __initial_sp                             0x200129f8   Data           0  startup_stm32f407xx.o(STACK)



==============================================================================

Memory Map of the image

  Image Entry point : 0x08000189

  Load Region LR_IROM1 (Base: 0x08000000, Size: 0x00015dec, Max: 0x00100000, ABSOLUTE)

    Execution Region ER_IROM1 (Exec base: 0x08000000, Load base: 0x08000000, Size: 0x00015d98, Max: 0x00100000, ABSOLUTE)

    Exec Addr    Load Addr    Size         Type   Attr      Idx    E Section Name        Object

    0x08000000   0x08000000   0x00000188   Data   RO            3    RESET               startup_stm32f407xx.o
    0x08000188   0x08000188   0x00000000   Code   RO         5833  * .ARM.Collect$$$$00000000  mc_w.l(entry.o)
    0x08000188   0x08000188   0x00000004   Code   RO         6117    .ARM.Collect$$$$00000001  mc_w.l(entry2.o)
    0x0800018c   0x0800018c   0x00000004   Code   RO         6120    .ARM.Collect$$$$00000004  mc_w.l(entry5.o)
    0x08000190   0x08000190   0x00000000   Code   RO         6122    .ARM.Collect$$$$00000008  mc_w.l(entry7b.o)
    0x08000190   0x08000190   0x00000000   Code   RO         6124    .ARM.Collect$$$$0000000A  mc_w.l(entry8b.o)
    0x08000190   0x08000190   0x00000008   Code   RO         6125    .ARM.Collect$$$$0000000B  mc_w.l(entry9a.o)
    0x08000198   0x08000198   0x00000004   Code   RO         6132    .ARM.Collect$$$$0000000E  mc_w.l(entry12b.o)
    0x0800019c   0x0800019c   0x00000000   Code   RO         6127    .ARM.Collect$$$$0000000F  mc_w.l(entry10a.o)
    0x0800019c   0x0800019c   0x00000000   Code   RO         6129    .ARM.Collect$$$$00000011  mc_w.l(entry11a.o)
    0x0800019c   0x0800019c   0x00000004   Code   RO         6118    .ARM.Collect$$$$00002712  mc_w.l(entry2.o)
    0x080001a0   0x080001a0   0x00000024   Code   RO            4    .text               startup_stm32f407xx.o
    0x080001c4   0x080001c4   0x00000062   Code   RO         5836    .text               mc_w.l(uldiv.o)
    0x08000226   0x08000226   0x00000024   Code   RO         5838    .text               mc_w.l(memseta.o)
    0x0800024a   0x0800024a   0x0000014e   Code   RO         6101    .text               mf_w.l(dadd.o)
    0x08000398   0x08000398   0x000000e4   Code   RO         6103    .text               mf_w.l(dmul.o)
    0x0800047c   0x0800047c   0x000000de   Code   RO         6105    .text               mf_w.l(ddiv.o)
    0x0800055a   0x0800055a   0x0000001a   Code   RO         6107    .text               mf_w.l(dfltui.o)
    0x08000574   0x08000574   0x00000032   Code   RO         6111    .text               mf_w.l(dfixui.o)
    0x080005a6   0x080005a6   0x00000026   Code   RO         6113    .text               mf_w.l(f2d.o)
    0x080005cc   0x080005cc   0x00000038   Code   RO         6115    .text               mf_w.l(d2f.o)
    0x08000604   0x08000604   0x0000002c   Code   RO         6134    .text               mc_w.l(uidiv.o)
    0x08000630   0x08000630   0x0000001e   Code   RO         6136    .text               mc_w.l(llshl.o)
    0x0800064e   0x0800064e   0x00000020   Code   RO         6138    .text               mc_w.l(llushr.o)
    0x0800066e   0x0800066e   0x00000024   Code   RO         6140    .text               mc_w.l(llsshr.o)
    0x08000692   0x08000692   0x00000000   Code   RO         6149    .text               mc_w.l(iusefp.o)
    0x08000692   0x08000692   0x0000006e   Code   RO         6150    .text               mf_w.l(fepilogue.o)
    0x08000700   0x08000700   0x000000ba   Code   RO         6152    .text               mf_w.l(depilogue.o)
    0x080007ba   0x080007ba   0x000000a2   Code   RO         6154    .text               mf_w.l(dsqrt.o)
    0x0800085c   0x0800085c   0x00000030   Code   RO         6156    .text               mf_w.l(dfixul.o)
    0x0800088c   0x0800088c   0x00000030   Code   RO         6160    .text               mf_w.l(cdrcmple.o)
    0x080008bc   0x080008bc   0x00000024   Code   RO         6162    .text               mc_w.l(init.o)
    0x080008e0   0x080008e0   0x00000044   Code   RO         5669    .text.arm_bitreversal_32  arm_cortexM4lf_math.lib(arm_bitreversal2.o)
    0x08000924   0x08000924   0x000000e0   Code   RO         5582    .text.arm_cfft_f32  arm_cortexM4lf_math.lib(arm_cfft_f32.o)
    0x08000a04   0x08000a04   0x00000198   Code   RO         5578    .text.arm_cfft_radix8by2_f32  arm_cortexM4lf_math.lib(arm_cfft_f32.o)
    0x08000b9c   0x08000b9c   0x000003fc   Code   RO         5580    .text.arm_cfft_radix8by4_f32  arm_cortexM4lf_math.lib(arm_cfft_f32.o)
    0x08000f98   0x08000f98   0x00000154   Code   RO         5568    .text.arm_cmplx_mag_f32  arm_cortexM4lf_math.lib(arm_cmplx_mag_f32.o)
    0x080010ec   0x080010ec   0x000005b2   Code   RO         5681    .text.arm_radix8_butterfly_f32  arm_cortexM4lf_math.lib(arm_cfft_radix8_f32.o)
    0x0800169e   0x0800169e   0x0000006e   Code   RO         1245    i.ADC_DMAConvCplt   stm32f4xx_hal_adc.o
    0x0800170c   0x0800170c   0x00000016   Code   RO         1246    i.ADC_DMAError      stm32f4xx_hal_adc.o
    0x08001722   0x08001722   0x0000000a   Code   RO         1247    i.ADC_DMAHalfConvCplt  stm32f4xx_hal_adc.o
    0x0800172c   0x0800172c   0x0000000c   Code   RO         1103    i.ADC_IRQHandler    stm32f4xx_it.o
    0x08001738   0x08001738   0x00000128   Code   RO         1248    i.ADC_Init          stm32f4xx_hal_adc.o
    0x08001860   0x08001860   0x00000002   Code   RO         1104    i.BusFault_Handler  stm32f4xx_it.o
    0x08001862   0x08001862   0x00000002   PAD
    0x08001864   0x08001864   0x0000000c   Code   RO         1105    i.DMA1_Stream4_IRQHandler  stm32f4xx_it.o
    0x08001870   0x08001870   0x0000000c   Code   RO         1106    i.DMA1_Stream5_IRQHandler  stm32f4xx_it.o
    0x0800187c   0x0800187c   0x00000018   Code   RO         1107    i.DMA2_Stream0_IRQHandler  stm32f4xx_it.o
    0x08001894   0x08001894   0x0000000c   Code   RO         1108    i.DMA2_Stream3_IRQHandler  stm32f4xx_it.o
    0x080018a0   0x080018a0   0x00000028   Code   RO         1982    i.DMA_CalcBaseAndBitshift  stm32f4xx_hal_dma.o
    0x080018c8   0x080018c8   0x00000054   Code   RO         1983    i.DMA_CheckFifoParam  stm32f4xx_hal_dma.o
    0x0800191c   0x0800191c   0x00000028   Code   RO         1984    i.DMA_SetConfig     stm32f4xx_hal_dma.o
    0x08001944   0x08001944   0x00000002   Code   RO         1109    i.DebugMon_Handler  stm32f4xx_it.o
    0x08001946   0x08001946   0x00000002   PAD
    0x08001948   0x08001948   0x0000001c   Code   RO          389    i.Draw_Prompt       lcd_show.o
    0x08001964   0x08001964   0x00000004   Code   RO          648    i.Error_Handler     main.o
    0x08001968   0x08001968   0x0000003c   Code   RO         2921    i.FSMC_NORSRAM_Extended_Timing_Init  stm32f4xx_ll_fsmc.o
    0x080019a4   0x080019a4   0x00000068   Code   RO         2922    i.FSMC_NORSRAM_Init  stm32f4xx_ll_fsmc.o
    0x08001a0c   0x08001a0c   0x00000044   Code   RO         2923    i.FSMC_NORSRAM_Timing_Init  stm32f4xx_ll_fsmc.o
    0x08001a50   0x08001a50   0x00000002   Code   RO         1419    i.HAL_ADCEx_InjectedConvCpltCallback  stm32f4xx_hal_adc_ex.o
    0x08001a52   0x08001a52   0x00000002   PAD
    0x08001a54   0x08001a54   0x0000014c   Code   RO         1250    i.HAL_ADC_ConfigChannel  stm32f4xx_hal_adc.o
    0x08001ba0   0x08001ba0   0x00000002   Code   RO         1251    i.HAL_ADC_ConvCpltCallback  stm32f4xx_hal_adc.o
    0x08001ba2   0x08001ba2   0x00000002   Code   RO         1252    i.HAL_ADC_ConvHalfCpltCallback  stm32f4xx_hal_adc.o
    0x08001ba4   0x08001ba4   0x00000002   Code   RO         1254    i.HAL_ADC_ErrorCallback  stm32f4xx_hal_adc.o
    0x08001ba6   0x08001ba6   0x0000012e   Code   RO         1258    i.HAL_ADC_IRQHandler  stm32f4xx_hal_adc.o
    0x08001cd4   0x08001cd4   0x00000054   Code   RO         1259    i.HAL_ADC_Init      stm32f4xx_hal_adc.o
    0x08001d28   0x08001d28   0x00000002   Code   RO         1260    i.HAL_ADC_LevelOutOfWindowCallback  stm32f4xx_hal_adc.o
    0x08001d2a   0x08001d2a   0x00000002   PAD
    0x08001d2c   0x08001d2c   0x000000ac   Code   RO          750    i.HAL_ADC_MspInit   adc.o
    0x08001dd8   0x08001dd8   0x00000154   Code   RO         1266    i.HAL_ADC_Start_DMA  stm32f4xx_hal_adc.o
    0x08001f2c   0x08001f2c   0x0000004e   Code   RO         2676    i.HAL_DAC_ConfigChannel  stm32f4xx_hal_dac.o
    0x08001f7a   0x08001f7a   0x00000028   Code   RO         2686    i.HAL_DAC_Init      stm32f4xx_hal_dac.o
    0x08001fa2   0x08001fa2   0x00000002   PAD
    0x08001fa4   0x08001fa4   0x0000009c   Code   RO          792    i.HAL_DAC_MspInit   dac.o
    0x08002040   0x08002040   0x000001a0   Code   RO         1990    i.HAL_DMA_IRQHandler  stm32f4xx_hal_dma.o
    0x080021e0   0x080021e0   0x000000d4   Code   RO         1991    i.HAL_DMA_Init      stm32f4xx_hal_dma.o
    0x080022b4   0x080022b4   0x0000006e   Code   RO         1995    i.HAL_DMA_Start_IT  stm32f4xx_hal_dma.o
    0x08002322   0x08002322   0x00000002   PAD
    0x08002324   0x08002324   0x00000024   Code   RO         2422    i.HAL_Delay         stm32f4xx_hal.o
    0x08002348   0x08002348   0x000000a8   Code   RO          857    i.HAL_FSMC_MspInit  fsmc.o
    0x080023f0   0x080023f0   0x000001f0   Code   RO         1878    i.HAL_GPIO_Init     stm32f4xx_hal_gpio.o
    0x080025e0   0x080025e0   0x0000000a   Code   RO         1880    i.HAL_GPIO_ReadPin  stm32f4xx_hal_gpio.o
    0x080025ea   0x080025ea   0x0000000a   Code   RO         1882    i.HAL_GPIO_WritePin  stm32f4xx_hal_gpio.o
    0x080025f4   0x080025f4   0x0000000c   Code   RO         2428    i.HAL_GetTick       stm32f4xx_hal.o
    0x08002600   0x08002600   0x00000188   Code   RO         3185    i.HAL_I2C_Init      stm32f4xx_hal_i2c.o
    0x08002788   0x08002788   0x00000068   Code   RO          906    i.HAL_I2C_MspInit   i2c.o
    0x080027f0   0x080027f0   0x00000010   Code   RO         2434    i.HAL_IncTick       stm32f4xx_hal.o
    0x08002800   0x08002800   0x00000034   Code   RO         2435    i.HAL_Init          stm32f4xx_hal.o
    0x08002834   0x08002834   0x00000040   Code   RO         2436    i.HAL_InitTick      stm32f4xx_hal.o
    0x08002874   0x08002874   0x00000030   Code   RO         1221    i.HAL_MspInit       stm32f4xx_hal_msp.o
    0x080028a4   0x080028a4   0x0000001a   Code   RO         2270    i.HAL_NVIC_EnableIRQ  stm32f4xx_hal_cortex.o
    0x080028be   0x080028be   0x00000002   PAD
    0x080028c0   0x080028c0   0x00000040   Code   RO         2276    i.HAL_NVIC_SetPriority  stm32f4xx_hal_cortex.o
    0x08002900   0x08002900   0x00000024   Code   RO         2277    i.HAL_NVIC_SetPriorityGrouping  stm32f4xx_hal_cortex.o
    0x08002924   0x08002924   0x00000134   Code   RO         1524    i.HAL_RCC_ClockConfig  stm32f4xx_hal_rcc.o
    0x08002a58   0x08002a58   0x00000020   Code   RO         1531    i.HAL_RCC_GetPCLK1Freq  stm32f4xx_hal_rcc.o
    0x08002a78   0x08002a78   0x00000020   Code   RO         1532    i.HAL_RCC_GetPCLK2Freq  stm32f4xx_hal_rcc.o
    0x08002a98   0x08002a98   0x00000064   Code   RO         1533    i.HAL_RCC_GetSysClockFreq  stm32f4xx_hal_rcc.o
    0x08002afc   0x08002afc   0x0000036c   Code   RO         1536    i.HAL_RCC_OscConfig  stm32f4xx_hal_rcc.o
    0x08002e68   0x08002e68   0x000000bc   Code   RO         3640    i.HAL_SPI_Init      stm32f4xx_hal_spi.o
    0x08002f24   0x08002f24   0x00000160   Code   RO          948    i.HAL_SPI_MspInit   spi.o
    0x08003084   0x08003084   0x0000005c   Code   RO         3043    i.HAL_SRAM_Init     stm32f4xx_hal_sram.o
    0x080030e0   0x080030e0   0x00000004   Code   RO          859    i.HAL_SRAM_MspInit  fsmc.o
    0x080030e4   0x080030e4   0x00000028   Code   RO         2281    i.HAL_SYSTICK_Config  stm32f4xx_hal_cortex.o
    0x0800310c   0x0800310c   0x00000002   Code   RO         4657    i.HAL_TIMEx_BreakCallback  stm32f4xx_hal_tim_ex.o
    0x0800310e   0x0800310e   0x00000002   Code   RO         4658    i.HAL_TIMEx_CommutCallback  stm32f4xx_hal_tim_ex.o
    0x08003110   0x08003110   0x00000090   Code   RO         4676    i.HAL_TIMEx_MasterConfigSynchronization  stm32f4xx_hal_tim_ex.o
    0x080031a0   0x080031a0   0x0000005a   Code   RO         3953    i.HAL_TIM_Base_Init  stm32f4xx_hal_tim.o
    0x080031fa   0x080031fa   0x00000002   PAD
    0x080031fc   0x080031fc   0x000000f8   Code   RO          996    i.HAL_TIM_Base_MspInit  tim.o
    0x080032f4   0x080032f4   0x00000078   Code   RO         3956    i.HAL_TIM_Base_Start  stm32f4xx_hal_tim.o
    0x0800336c   0x0800336c   0x000000dc   Code   RO         3962    i.HAL_TIM_ConfigClockSource  stm32f4xx_hal_tim.o
    0x08003448   0x08003448   0x00000058   Code   RO          649    i.HAL_TIM_IC_CaptureCallback  main.o
    0x080034a0   0x080034a0   0x00000124   Code   RO         3989    i.HAL_TIM_IC_ConfigChannel  stm32f4xx_hal_tim.o
    0x080035c4   0x080035c4   0x0000005a   Code   RO         3992    i.HAL_TIM_IC_Init   stm32f4xx_hal_tim.o
    0x0800361e   0x0800361e   0x00000002   Code   RO         3994    i.HAL_TIM_IC_MspInit  stm32f4xx_hal_tim.o
    0x08003620   0x08003620   0x0000010c   Code   RO         3997    i.HAL_TIM_IC_Start_IT  stm32f4xx_hal_tim.o
    0x0800372c   0x0800372c   0x00000130   Code   RO         4001    i.HAL_TIM_IRQHandler  stm32f4xx_hal_tim.o
    0x0800385c   0x0800385c   0x00000002   Code   RO         4004    i.HAL_TIM_OC_DelayElapsedCallback  stm32f4xx_hal_tim.o
    0x0800385e   0x0800385e   0x000000cc   Code   RO         4025    i.HAL_TIM_PWM_ConfigChannel  stm32f4xx_hal_tim.o
    0x0800392a   0x0800392a   0x0000005a   Code   RO         4028    i.HAL_TIM_PWM_Init  stm32f4xx_hal_tim.o
    0x08003984   0x08003984   0x00000002   Code   RO         4030    i.HAL_TIM_PWM_MspInit  stm32f4xx_hal_tim.o
    0x08003986   0x08003986   0x00000002   Code   RO         4031    i.HAL_TIM_PWM_PulseFinishedCallback  stm32f4xx_hal_tim.o
    0x08003988   0x08003988   0x00000002   Code   RO         4039    i.HAL_TIM_PeriodElapsedCallback  stm32f4xx_hal_tim.o
    0x0800398a   0x0800398a   0x0000002a   Code   RO         4041    i.HAL_TIM_ReadCapturedValue  stm32f4xx_hal_tim.o
    0x080039b4   0x080039b4   0x00000056   Code   RO         4042    i.HAL_TIM_SlaveConfigSynchro  stm32f4xx_hal_tim.o
    0x08003a0a   0x08003a0a   0x00000002   Code   RO         4044    i.HAL_TIM_TriggerCallback  stm32f4xx_hal_tim.o
    0x08003a0c   0x08003a0c   0x00000064   Code   RO         4954    i.HAL_UART_Init     stm32f4xx_hal_uart.o
    0x08003a70   0x08003a70   0x0000006c   Code   RO         1056    i.HAL_UART_MspInit  usart.o
    0x08003adc   0x08003adc   0x000000a0   Code   RO         4962    i.HAL_UART_Transmit  stm32f4xx_hal_uart.o
    0x08003b7c   0x08003b7c   0x00000002   Code   RO         1110    i.HardFault_Handler  stm32f4xx_it.o
    0x08003b7e   0x08003b7e   0x00000052   Code   RO          390    i.Lcd_DrawNetwork   lcd_show.o
    0x08003bd0   0x08003bd0   0x00000064   Code   RO          751    i.MX_ADC1_Init      adc.o
    0x08003c34   0x08003c34   0x00000054   Code   RO          793    i.MX_DAC_Init       dac.o
    0x08003c88   0x08003c88   0x0000006c   Code   RO          833    i.MX_DMA_Init       dma.o
    0x08003cf4   0x08003cf4   0x00000088   Code   RO          860    i.MX_FSMC_Init      fsmc.o
    0x08003d7c   0x08003d7c   0x000000fc   Code   RO          725    i.MX_GPIO_Init      gpio.o
    0x08003e78   0x08003e78   0x00000040   Code   RO          907    i.MX_I2C1_Init      i2c.o
    0x08003eb8   0x08003eb8   0x00000044   Code   RO          949    i.MX_SPI1_Init      spi.o
    0x08003efc   0x08003efc   0x00000044   Code   RO          950    i.MX_SPI2_Init      spi.o
    0x08003f40   0x08003f40   0x00000098   Code   RO          997    i.MX_TIM2_Init      tim.o
    0x08003fd8   0x08003fd8   0x000000cc   Code   RO          998    i.MX_TIM3_Init      tim.o
    0x080040a4   0x080040a4   0x00000068   Code   RO          999    i.MX_TIM4_Init      tim.o
    0x0800410c   0x0800410c   0x00000068   Code   RO         1000    i.MX_TIM5_Init      tim.o
    0x08004174   0x08004174   0x00000038   Code   RO         1057    i.MX_USART1_UART_Init  usart.o
    0x080041ac   0x080041ac   0x00000002   Code   RO         1111    i.MemManage_Handler  stm32f4xx_it.o
    0x080041ae   0x080041ae   0x00000002   Code   RO         1112    i.NMI_Handler       stm32f4xx_it.o
    0x080041b0   0x080041b0   0x000000f4   Code   RO          650    i.PWM_Input_Capture  main.o
    0x080042a4   0x080042a4   0x00000002   Code   RO         1113    i.PendSV_Handler    stm32f4xx_it.o
    0x080042a6   0x080042a6   0x00000002   Code   RO         1114    i.SVC_Handler       stm32f4xx_it.o
    0x080042a8   0x080042a8   0x00000030   Code   RO          391    i.Set_BackGround    lcd_show.o
    0x080042d8   0x080042d8   0x00000004   Code   RO         1115    i.SysTick_Handler   stm32f4xx_it.o
    0x080042dc   0x080042dc   0x00000094   Code   RO          651    i.SystemClock_Config  main.o
    0x08004370   0x08004370   0x00000010   Code   RO         5288    i.SystemInit        system_stm32f4xx.o
    0x08004380   0x08004380   0x000005f0   Code   RO         5546    i.TFTGPIO_main      tftgpio.o
    0x08004970   0x08004970   0x0000000c   Code   RO         1116    i.TIM3_IRQHandler   stm32f4xx_it.o
    0x0800497c   0x0800497c   0x0000000c   Code   RO         1117    i.TIM4_IRQHandler   stm32f4xx_it.o
    0x08004988   0x08004988   0x000000d8   Code   RO         4046    i.TIM_Base_SetConfig  stm32f4xx_hal_tim.o
    0x08004a60   0x08004a60   0x0000001a   Code   RO         4047    i.TIM_CCxChannelCmd  stm32f4xx_hal_tim.o
    0x08004a7a   0x08004a7a   0x00000014   Code   RO         4057    i.TIM_ETR_SetConfig  stm32f4xx_hal_tim.o
    0x08004a8e   0x08004a8e   0x00000010   Code   RO         4058    i.TIM_ITRx_SetConfig  stm32f4xx_hal_tim.o
    0x08004a9e   0x08004a9e   0x00000002   PAD
    0x08004aa0   0x08004aa0   0x00000060   Code   RO         4059    i.TIM_OC1_SetConfig  stm32f4xx_hal_tim.o
    0x08004b00   0x08004b00   0x0000006c   Code   RO         4060    i.TIM_OC2_SetConfig  stm32f4xx_hal_tim.o
    0x08004b6c   0x08004b6c   0x00000068   Code   RO         4061    i.TIM_OC3_SetConfig  stm32f4xx_hal_tim.o
    0x08004bd4   0x08004bd4   0x00000050   Code   RO         4062    i.TIM_OC4_SetConfig  stm32f4xx_hal_tim.o
    0x08004c24   0x08004c24   0x0000008c   Code   RO         4063    i.TIM_SlaveTimer_SetConfig  stm32f4xx_hal_tim.o
    0x08004cb0   0x08004cb0   0x00000022   Code   RO         4064    i.TIM_TI1_ConfigInputStage  stm32f4xx_hal_tim.o
    0x08004cd2   0x08004cd2   0x00000002   PAD
    0x08004cd4   0x08004cd4   0x00000080   Code   RO         4065    i.TIM_TI1_SetConfig  stm32f4xx_hal_tim.o
    0x08004d54   0x08004d54   0x00000024   Code   RO         4066    i.TIM_TI2_ConfigInputStage  stm32f4xx_hal_tim.o
    0x08004d78   0x08004d78   0x00000036   Code   RO         4067    i.TIM_TI2_SetConfig  stm32f4xx_hal_tim.o
    0x08004dae   0x08004dae   0x0000004e   Code   RO         4977    i.UART_EndRxTransfer  stm32f4xx_hal_uart.o
    0x08004dfc   0x08004dfc   0x0000010c   Code   RO         4980    i.UART_SetConfig    stm32f4xx_hal_uart.o
    0x08004f08   0x08004f08   0x00000072   Code   RO         4983    i.UART_WaitOnFlagUntilTimeout  stm32f4xx_hal_uart.o
    0x08004f7a   0x08004f7a   0x00000002   Code   RO         1118    i.UsageFault_Handler  stm32f4xx_it.o
    0x08004f7c   0x08004f7c   0x00000020   Code   RO         6073    i.__0printf         mc_w.l(printfa.o)
    0x08004f9c   0x08004f9c   0x00000028   Code   RO         6075    i.__0sprintf        mc_w.l(printfa.o)
    0x08004fc4   0x08004fc4   0x00000020   Code   RO         2283    i.__NVIC_SetPriority  stm32f4xx_hal_cortex.o
    0x08004fe4   0x08004fe4   0x0000007a   Code   RO         5809    i.__hardfp_sqrt     m_wm.l(sqrt.o)
    0x0800505e   0x0800505e   0x0000003a   Code   RO         5821    i.__hardfp_sqrtf    m_wm.l(sqrtf.o)
    0x08005098   0x08005098   0x0000000e   Code   RO         6166    i.__scatterload_copy  mc_w.l(handlers.o)
    0x080050a6   0x080050a6   0x00000002   Code   RO         6167    i.__scatterload_null  mc_w.l(handlers.o)
    0x080050a8   0x080050a8   0x0000000e   Code   RO         6168    i.__scatterload_zeroinit  mc_w.l(handlers.o)
    0x080050b6   0x080050b6   0x00000002   PAD
    0x080050b8   0x080050b8   0x0000000c   Code   RO         6144    i.__set_errno       mc_w.l(errno.o)
    0x080050c4   0x080050c4   0x00000184   Code   RO         6080    i._fp_digits        mc_w.l(printfa.o)
    0x08005248   0x08005248   0x000006b4   Code   RO         6081    i._printf_core      mc_w.l(printfa.o)
    0x080058fc   0x080058fc   0x00000024   Code   RO         6082    i._printf_post_padding  mc_w.l(printfa.o)
    0x08005920   0x08005920   0x0000002e   Code   RO         6083    i._printf_pre_padding  mc_w.l(printfa.o)
    0x0800594e   0x0800594e   0x0000000a   Code   RO         6085    i._sputc            mc_w.l(printfa.o)
    0x08005958   0x08005958   0x000000a4   Code   RO          464    i.fftCalculate      fft_handle.o
    0x080059fc   0x080059fc   0x000001c4   Code   RO          465    i.fft_THD           fft_handle.o
    0x08005bc0   0x08005bc0   0x00000018   Code   RO         1058    i.fputc             usart.o
    0x08005bd8   0x08005bd8   0x00000030   Code   RO           13    i.lcd_clear         lcd.o
    0x08005c08   0x08005c08   0x000000ec   Code   RO           15    i.lcd_display_dir   lcd.o
    0x08005cf4   0x08005cf4   0x0000009c   Code   RO           20    i.lcd_draw_line     lcd.o
    0x08005d90   0x08005d90   0x00000016   Code   RO           21    i.lcd_draw_point    lcd.o
    0x08005da6   0x08005da6   0x00000044   Code   RO           22    i.lcd_draw_rectangle  lcd.o
    0x08005dea   0x08005dea   0x0000022e   Code   RO           23    i.lcd_ex_ili9341_reginit  lcd.o
    0x08006018   0x08006018   0x00000342   Code   RO           24    i.lcd_ex_ili9806_reginit  lcd.o
    0x0800635a   0x0800635a   0x00000ef4   Code   RO           25    i.lcd_ex_nt35310_reginit  lcd.o
    0x0800724e   0x0800724e   0x00000efa   Code   RO           26    i.lcd_ex_nt35510_reginit  lcd.o
    0x08008148   0x08008148   0x00000170   Code   RO           27    i.lcd_ex_ssd1963_reginit  lcd.o
    0x080082b8   0x080082b8   0x000001aa   Code   RO           28    i.lcd_ex_st7789_reginit  lcd.o
    0x08008462   0x08008462   0x000001c8   Code   RO           29    i.lcd_ex_st7796_reginit  lcd.o
    0x0800862a   0x0800862a   0x00000002   PAD
    0x0800862c   0x0800862c   0x0000027c   Code   RO           32    i.lcd_init          lcd.o
    0x080088a8   0x080088a8   0x0000001a   Code   RO           34    i.lcd_rd_data       lcd.o
    0x080088c2   0x080088c2   0x00000002   PAD
    0x080088c4   0x080088c4   0x00000184   Code   RO           36    i.lcd_scan_dir      lcd.o
    0x08008a48   0x08008a48   0x000000f4   Code   RO           37    i.lcd_set_cursor    lcd.o
    0x08008b3c   0x08008b3c   0x000000dc   Code   RO           39    i.lcd_show_char     lcd.o
    0x08008c18   0x08008c18   0x00000056   Code   RO           41    i.lcd_show_string   lcd.o
    0x08008c6e   0x08008c6e   0x00000002   PAD
    0x08008c70   0x08008c70   0x00000050   Code   RO           43    i.lcd_ssd_backlight_set  lcd.o
    0x08008cc0   0x08008cc0   0x00000018   Code   RO           44    i.lcd_wr_data       lcd.o
    0x08008cd8   0x08008cd8   0x00000018   Code   RO           45    i.lcd_wr_regno      lcd.o
    0x08008cf0   0x08008cf0   0x00000014   Code   RO           46    i.lcd_write_ram_prepare  lcd.o
    0x08008d04   0x08008d04   0x0000000c   Code   RO           47    i.lcd_write_reg     lcd.o
    0x08008d10   0x08008d10   0x00000138   Code   RO          652    i.main              main.o
    0x08008e48   0x08008e48   0x00002f80   Data   RO           49    .constdata          lcd.o
    0x0800bdc8   0x0800bdc8   0x00000008   Data   RO         1997    .constdata          stm32f4xx_hal_dma.o
    0x0800bdd0   0x0800bdd0   0x00000010   Data   RO         5289    .constdata          system_stm32f4xx.o
    0x0800bde0   0x0800bde0   0x00000008   Data   RO         5290    .constdata          system_stm32f4xx.o
    0x0800bde8   0x0800bde8   0x00001f80   Data   RO         5744    .rodata.armBitRevIndexTable4096  arm_cortexM4lf_math.lib(arm_common_tables.o)
    0x0800dd68   0x0800dd68   0x00000010   Data   RO         5609    .rodata.arm_cfft_sR_f32_len4096  arm_cortexM4lf_math.lib(arm_const_structs.o)
    0x0800dd78   0x0800dd78   0x00008000   Data   RO         5708    .rodata.twiddleCoef_4096  arm_cortexM4lf_math.lib(arm_common_tables.o)
    0x08015d78   0x08015d78   0x00000020   Data   RO         6164    Region$$Table       anon$$obj.o


    Execution Region RW_IRAM1 (Exec base: 0x20000000, Load base: 0x08015d98, Size: 0x000129f8, Max: 0x0001c000, ABSOLUTE)

    Exec Addr    Load Addr    Size         Type   Attr      Idx    E Section Name        Object

    0x20000000   0x08015d98   0x00000004   Data   RW           50    .data               lcd.o
    0x20000004   0x08015d9c   0x00000004   Data   RW           51    .data               lcd.o
    0x20000008   0x08015da0   0x00000010   Data   RW          479    .data               fft_handle.o
    0x20000018   0x08015db0   0x0000001c   Data   RW          655    .data               main.o
    0x20000034   0x08015dcc   0x00000008   Data   RW          862    .data               fsmc.o
    0x2000003c   0x08015dd4   0x0000000c   Data   RW         2442    .data               stm32f4xx_hal.o
    0x20000048   0x08015de0   0x00000004   Data   RW         5291    .data               system_stm32f4xx.o
    0x2000004c   0x08015de4   0x00000004   Data   RW         6133    .data               mc_w.l(stdout.o)
    0x20000050   0x08015de8   0x00000004   Data   RW         6145    .data               mc_w.l(errno.o)
    0x20000054        -       0x0000005e   Zero   RW           48    .bss                lcd.o
    0x200000b2   0x08015dec   0x00000002   PAD
    0x200000b4        -       0x0000c08c   Zero   RW          470    .bss                fft_handle.o
    0x2000c140        -       0x0000601e   Zero   RW          653    .bss                main.o
    0x2001215e   0x08015dec   0x00000002   PAD
    0x20012160        -       0x000000a8   Zero   RW          752    .bss                adc.o
    0x20012208        -       0x00000074   Zero   RW          794    .bss                dac.o
    0x2001227c        -       0x00000050   Zero   RW          861    .bss                fsmc.o
    0x200122cc        -       0x00000054   Zero   RW          908    .bss                i2c.o
    0x20012320        -       0x00000170   Zero   RW          951    .bss                spi.o
    0x20012490        -       0x00000120   Zero   RW         1001    .bss                tim.o
    0x200125b0        -       0x00000048   Zero   RW         1059    .bss                usart.o
    0x200125f8        -       0x00000400   Zero   RW            1    STACK               startup_stm32f407xx.o


    Execution Region RW_IRAM2 (Exec base: 0x2001c000, Load base: 0x08015dec, Size: 0x00000000, Max: 0x00004000, ABSOLUTE)

    **** No section assigned to this execution region ****


==============================================================================

Image component sizes


      Code (inc. data)   RO Data    RW Data    ZI Data      Debug   Object Name

       272         30          0          0        168       1847   adc.o
       240         30          0          0        116       1833   dac.o
       108          4          0          0          0        866   dma.o
       616         76          0         16      49292       5214   fft_handle.o
       308         32          0          8         80       2363   fsmc.o
       252         16          0          0          0       1159   gpio.o
       168         26          0          0         84       1741   i2c.o
     12594         94      12160          8         94     769900   lcd.o
       158         16          0          0          0       1621   lcd_show.o
       796        112          0         28      24606       4781   main.o
       488         54          0          0        368       2736   spi.o
        36          8        392          0       1024        852   startup_stm32f407xx.o
       180         28          0         12          0       9537   stm32f4xx_hal.o
      1504         66          0          0          0       9185   stm32f4xx_hal_adc.o
         2          0          0          0          0       1017   stm32f4xx_hal_adc_ex.o
       198         14          0          0          0      33923   stm32f4xx_hal_cortex.o
       118          0          0          0          0       1999   stm32f4xx_hal_dac.o
       902         16          8          0          0       5915   stm32f4xx_hal_dma.o
       516         46          0          0          0       2915   stm32f4xx_hal_gpio.o
       392         16          0          0          0       3259   stm32f4xx_hal_i2c.o
        48          6          0          0          0        890   stm32f4xx_hal_msp.o
      1348         76          0          0          0       5336   stm32f4xx_hal_rcc.o
       188          0          0          0          0       1247   stm32f4xx_hal_spi.o
        92          0          0          0          0       1260   stm32f4xx_hal_sram.o
      2876        176          0          0          0      24287   stm32f4xx_hal_tim.o
       148         28          0          0          0       2549   stm32f4xx_hal_tim_ex.o
       720         10          0          0          0       4952   stm32f4xx_hal_uart.o
       116         44          0          0          0       7755   stm32f4xx_it.o
       232         14          0          0          0       4011   stm32f4xx_ll_fsmc.o
        16          4         24          4          0       1175   system_stm32f4xx.o
      1520        162          0          0          0        951   tftgpio.o
       812         56          0          0        288       4293   tim.o
       188         26          0          0         72       2402   usart.o

    ----------------------------------------------------------------------
     28178       1286      12616         76      76196     923771   Object Totals
         0          0         32          0          0          0   (incl. Generated)
        26          0          0          0          4          0   (incl. Padding)

    ----------------------------------------------------------------------

      Code (inc. data)   RO Data    RW Data    ZI Data      Debug   Library Member Name

        68          0          0          0          0       1792   arm_bitreversal2.o
      1652          0          0          0          0       7236   arm_cfft_f32.o
      1458          4          0          0          0       5452   arm_cfft_radix8_f32.o
       340          0          0          0          0       2270   arm_cmplx_mag_f32.o
         0          0      40832          0          0       6294   arm_common_tables.o
         0          0         16          0          0       4820   arm_const_structs.o
       122          0          0          0          0        148   sqrt.o
        58          0          0          0          0        136   sqrtf.o
         0          0          0          0          0          0   entry.o
         0          0          0          0          0          0   entry10a.o
         0          0          0          0          0          0   entry11a.o
         4          0          0          0          0          0   entry12b.o
         8          4          0          0          0          0   entry2.o
         4          0          0          0          0          0   entry5.o
         0          0          0          0          0          0   entry7b.o
         0          0          0          0          0          0   entry8b.o
         8          4          0          0          0          0   entry9a.o
        12          6          0          4          0         68   errno.o
        30          0          0          0          0          0   handlers.o
        36          8          0          0          0         68   init.o
         0          0          0          0          0          0   iusefp.o
        30          0          0          0          0         68   llshl.o
        36          0          0          0          0         68   llsshr.o
        32          0          0          0          0         68   llushr.o
        36          0          0          0          0        108   memseta.o
      2268         96          0          0          0        616   printfa.o
         0          0          0          4          0          0   stdout.o
        44          0          0          0          0         80   uidiv.o
        98          0          0          0          0         92   uldiv.o
        48          0          0          0          0         68   cdrcmple.o
        56          0          0          0          0         88   d2f.o
       334          0          0          0          0        148   dadd.o
       222          0          0          0          0        100   ddiv.o
       186          0          0          0          0        176   depilogue.o
        50          0          0          0          0         76   dfixui.o
        48          0          0          0          0         68   dfixul.o
        26          0          0          0          0         76   dfltui.o
       228          0          0          0          0         96   dmul.o
       162          0          0          0          0        100   dsqrt.o
        38          0          0          0          0         68   f2d.o
       110          0          0          0          0        168   fepilogue.o

    ----------------------------------------------------------------------
      7854        122      40848          8          0      30616   Library Totals
         2          0          0          0          0          0   (incl. Padding)

    ----------------------------------------------------------------------

      Code (inc. data)   RO Data    RW Data    ZI Data      Debug   Library Name

      3518          4      40848          0          0      27864   arm_cortexM4lf_math.lib
       180          0          0          0          0        284   m_wm.l
      2646        118          0          8          0       1236   mc_w.l
      1508          0          0          0          0       1232   mf_w.l

    ----------------------------------------------------------------------
      7854        122      40848          8          0      30616   Library Totals

    ----------------------------------------------------------------------

==============================================================================


      Code (inc. data)   RO Data    RW Data    ZI Data      Debug   

     36032       1408      53464         84      76196     938095   Grand Totals
     36032       1408      53464         84      76196     938095   ELF Image Totals
     36032       1408      53464         84          0          0   ROM Totals

==============================================================================

    Total RO  Size (Code + RO Data)                89496 (  87.40kB)
    Total RW  Size (RW Data + ZI Data)             76280 (  74.49kB)
    Total ROM Size (Code + RO Data + RW Data)      89580 (  87.48kB)

==============================================================================

